<html>
<body>
<pre>
<h1>µVision Build Log</h1>
<h2>Tool Versions:</h2>
IDE-Version: ¦ÌVision V5.38.0.0
Copyright (C) 2022 ARM Ltd and ARM Germany GmbH. All rights reserved.
License Information: w s, w, LIC=21E4T-R03EB-X7QRZ-JVICM-9YMS1-R5VPN
 
Tool Versions:
Toolchain:       MDK-ARM Plus  Version: 5.38.0.0
Toolchain Path:  D:\kile5\ARM\ARMCC\Bin
C Compiler:      Armcc.exe V5.06 update 7 (build 960)
Assembler:       Armasm.exe V5.06 update 7 (build 960)
Linker/Locator:  ArmLink.exe V5.06 update 7 (build 960)
Library Manager: ArmAr.exe V5.06 update 7 (build 960)
Hex Converter:   FromElf.exe V5.06 update 7 (build 960)
CPU DLL:         SARMCM3.DLL V5.38.0.0
Dialog DLL:      DARMCM1.DLL V1.19.6.0
Target DLL:      STLink\ST-LINKIII-KEIL_SWO.dll V3.1.0.0
Dialog DLL:      TARMCM1.DLL V1.14.6.0
 
<h2>Project:</h2>
C:\Users\admin\Desktop\RTthread_Blink_DeepSleep - ¸±±¾ (2)\KEIL_MDKARM\FM33A0XXEV_Tester.uvprojx
Project File Date:  11/08/2024

<h2>Output:</h2>
*** Using Compiler 'V5.06 update 7 (build 960)', folder: 'D:\kile5\ARM\ARMCC\Bin'
Rebuild target 'Debug'
compiling sleep.c...
compiling main.c...
..\UserCode\EC800.h(22): warning:  #1295-D: Deprecated declaration Connect - give arg types
  int  Connect();
..\UserCode\EC800.h(24): warning:  #1295-D: Deprecated declaration Disconnect - give arg types
  void Disconnect();
..\UserCode\uart.h(41): warning:  #1295-D: Deprecated declaration UART5_Send - give arg types
  void UART5_Send();
..\UserCode\uart.h(42): warning:  #1295-D: Deprecated declaration UART4_Send - give arg types
  void UART4_Send();
..\UserCode\main.c(23): warning:  #177-D: variable "timer2"  was declared but never referenced
  		static rt_timer_t timer2;
..\UserCode\main.c(769): warning:  #177-D: function "timeout2"  was declared but never referenced
  static void timeout2(void *parameter)
..\UserCode\main.c: 6 warnings, 0 errors
compiling rtc.c...
compiling spi.c...
compiling uart.c...
..\UserCode\EC800.h(22): warning:  #1295-D: Deprecated declaration Connect - give arg types
  int  Connect();
..\UserCode\EC800.h(24): warning:  #1295-D: Deprecated declaration Disconnect - give arg types
  void Disconnect();
..\UserCode\uart.h(41): warning:  #1295-D: Deprecated declaration UART5_Send - give arg types
  void UART5_Send();
..\UserCode\uart.h(42): warning:  #1295-D: Deprecated declaration UART4_Send - give arg types
  void UART4_Send();
..\UserCode\uart.c: 4 warnings, 0 errors
compiling user_init.c...
..\UserCode\EC800.h(22): warning:  #1295-D: Deprecated declaration Connect - give arg types
  int  Connect();
..\UserCode\EC800.h(24): warning:  #1295-D: Deprecated declaration Disconnect - give arg types
  void Disconnect();
..\UserCode\uart.h(41): warning:  #1295-D: Deprecated declaration UART5_Send - give arg types
  void UART5_Send();
..\UserCode\uart.h(42): warning:  #1295-D: Deprecated declaration UART4_Send - give arg types
  void UART4_Send();
..\UserCode\user_init.c: 4 warnings, 0 errors
compiling adc.c...
compiling lptim.c...
compiling board.c...
..\UserCode\EC800.h(22): warning:  #1295-D: Deprecated declaration Connect - give arg types
  int  Connect();
..\UserCode\EC800.h(24): warning:  #1295-D: Deprecated declaration Disconnect - give arg types
  void Disconnect();
..\UserCode\uart.h(41): warning:  #1295-D: Deprecated declaration UART5_Send - give arg types
  void UART5_Send();
..\UserCode\uart.h(42): warning:  #1295-D: Deprecated declaration UART4_Send - give arg types
  void UART4_Send();
..\rt-thread\bsp\board.c(39): warning:  #177-D: function "_SysTick_Config"  was declared but never referenced
  static uint32_t _SysTick_Config(rt_uint32_t ticks)
..\rt-thread\bsp\board.c(73): warning:  #177-D: function "sleep"  was declared but never referenced
  static void sleep(void)
..\rt-thread\bsp\board.c: 6 warnings, 0 errors
compiling flash.c...
compiling lptimer32.c...
compiling fm33a0xxev_bstim.c...
compiling fm33a0xxev_adc.c...
compiling fm33a0xxev_aes.c...
compiling EC800.c...
..\UserCode\uart.h(41): warning:  #1295-D: Deprecated declaration UART5_Send - give arg types
  void UART5_Send();
..\UserCode\uart.h(42): warning:  #1295-D: Deprecated declaration UART4_Send - give arg types
  void UART4_Send();
..\UserCode\EC800.h(22): warning:  #1295-D: Deprecated declaration Connect - give arg types
  int  Connect();
..\UserCode\EC800.h(24): warning:  #1295-D: Deprecated declaration Disconnect - give arg types
  void Disconnect();
..\UserCode\EC800.c: 4 warnings, 0 errors
compiling fm33a0xxev_bt.c...
compiling fm33a0xxev_cdif.c...
compiling bt16.c...
..\UserCode\uart.h(41): warning:  #1295-D: Deprecated declaration UART5_Send - give arg types
  void UART5_Send();
..\UserCode\uart.h(42): warning:  #1295-D: Deprecated declaration UART4_Send - give arg types
  void UART4_Send();
..\UserCode\EC800.h(22): warning:  #1295-D: Deprecated declaration Connect - give arg types
  int  Connect();
..\UserCode\EC800.h(24): warning:  #1295-D: Deprecated declaration Disconnect - give arg types
  void Disconnect();
..\UserCode\bt16.c: 4 warnings, 0 errors
compiling fm33a0xxev_cmu.c...
compiling fm33a0xxev_crc.c...
compiling fm33a0xxev_comp.c...
compiling fm33a0xxev_dbg.c...
compiling fm33a0xxev_dma.c...
compiling fm33a0xxev_et.c...
compiling fm33a0xxev_flash.c...
compiling fm33a0xxev_hash.c...
compiling fm33a0xxev_iwdt.c...
compiling fm33a0xxev_i2c.c...
compiling fm33a0xxev_lcd.c...
compiling fm33a0xxev_pae.c...
compiling fm33a0xxev_lptim.c...
compiling fm33a0xxev_lpuart.c...
compiling fm33a0xxev_pmu.c...
compiling fm33a0xxev_rmu.c...
compiling fm33a0xxev_gpio.c...
compiling fm33a0xxev_qspi.c...
compiling fm33a0xxev_rng.c...
compiling fm33a0xxev_spi.c...
compiling fm33a0xxev_svd.c...
compiling clock.c...
compiling components.c...
compiling ipc.c...
compiling idle.c...
compiling cpu.c...
compiling fm33a0xxev_wwdt.c...
compiling fm33a0xxev_uart.c...
compiling fm33a0xxev_u7816.c...
compiling fm33a0xxev_vrtc.c...
compiling fm33a0xxev_rtc.c...
compiling irq.c...
compiling mem.c...
compiling memheap.c...
compiling mempool.c...
compiling kservice.c...
compiling object.c...
..\rt-thread\src\object.c(245): warning:  #550-D: variable "obj"  was set but never used
  		struct rt_object *obj;
..\rt-thread\src\object.c: 1 warning, 0 errors
compiling scheduler.c...
compiling slab.c...
compiling thread.c...
assembling context_rvds.S...
compiling timer.c...
assembling startup_FM33A0XXEV.s...
compiling cpuport.c...
compiling system_FM33A0XXEV.c...
linking...
Program Size: Code=24720 RO-data=692 RW-data=288 ZI-data=10424  
FromELF: creating hex file...
".\Objects\FM33A0XXEV_Tester.axf" - 0 Error(s), 29 Warning(s).

<h2>Software Packages used:</h2>

Package Vendor: ARM
                http://www.keil.com/pack/ARM.CMSIS.5.9.0.pack
                ARM.CMSIS.5.9.0
                CMSIS (Common Microcontroller Software Interface Standard)
   * Component: CORE Version: 5.6.0

Package Vendor: Keil
                
                Keil.FM33A0XXEV_DFP.0.0.4
                FMSH ARM Cortex-M0 Device Family Pack
   * Component: Startup Version: 1.0.0

<h2>Collection of Component include folders:</h2>
  ./RTE/_Debug
  D:/kile5/ARM/CMSIS/5.9.0/CMSIS/Core/Include
  D:/kile5/Keil/FM33A0XXEV_DFP/0.0.4/Device/Include

<h2>Collection of Component Files used:</h2>

   * Component: ARM::CMSIS:CORE:5.6.0

   * Component: Keil::Device:Startup:1.0.0
      Source file:   Device/Source/ARM/startup_FM33A0XXEV.s
      Source file:   Device/Source/system_FM33A0XXEV.c
Build Time Elapsed:  00:00:04
</pre>
</body>
</html>
