Component: ARM Compiler 5.06 update 7 (build 960) Tool: armlink [4d3601]

==============================================================================

Section Cross References

    main.o(i.DEC_to_HEX) refers to idiv.o(.text) for __aeabi_idivmod
    main.o(i.EVC_HandShakeProcessing_thread_entry) refers to ipc.o(i.rt_sem_take) for rt_sem_take
    main.o(i.EVC_HandShakeProcessing_thread_entry) refers to main.o(i.EVC_Read_UserDate2) for EVC_Read_UserDate2
    main.o(i.EVC_HandShakeProcessing_thread_entry) refers to ec800.o(i.Connect) for Connect
    main.o(i.EVC_HandShakeProcessing_thread_entry) refers to main.o(.data) for External_power
    main.o(i.EVC_HandShakeProcessing_thread_entry) refers to ec800.o(.data) for Is_connected
    main.o(i.EVC_ReadInterval) refers to main.o(i.modbus_crc16) for modbus_crc16
    main.o(i.EVC_ReadInterval) refers to memcpya.o(.text) for __aeabi_memcpy
    main.o(i.EVC_ReadInterval) refers to uart.o(i.UART5_Send) for UART5_Send
    main.o(i.EVC_ReadInterval) refers to main.o(.constdata) for .constdata
    main.o(i.EVC_ReadInterval) refers to uart.o(.data) for EVC_tx_length
    main.o(i.EVC_ReadInterval) refers to uart.o(.bss) for EVC_TX_Buffer
    main.o(i.EVC_Read_IoT_Module_Parameters) refers to memcpya.o(.text) for __aeabi_memcpy
    main.o(i.EVC_Read_IoT_Module_Parameters) refers to uart.o(i.UART5_Send) for UART5_Send
    main.o(i.EVC_Read_IoT_Module_Parameters) refers to ipc.o(i.rt_sem_take) for rt_sem_take
    main.o(i.EVC_Read_IoT_Module_Parameters) refers to main.o(i.modbus_crc16) for modbus_crc16
    main.o(i.EVC_Read_IoT_Module_Parameters) refers to uart.o(.bss) for EVC_TX_Buffer
    main.o(i.EVC_Read_IoT_Module_Parameters) refers to uart.o(.data) for sem_EVC_Uart_Revice
    main.o(i.EVC_Read_RealTimeDate) refers to memcpya.o(.text) for __aeabi_memcpy
    main.o(i.EVC_Read_RealTimeDate) refers to uart.o(i.UART5_Send) for UART5_Send
    main.o(i.EVC_Read_RealTimeDate) refers to ipc.o(i.rt_sem_take) for rt_sem_take
    main.o(i.EVC_Read_RealTimeDate) refers to main.o(i.modbus_crc16) for modbus_crc16
    main.o(i.EVC_Read_RealTimeDate) refers to uart.o(.data) for EVC_tx_length
    main.o(i.EVC_Read_RealTimeDate) refers to uart.o(.bss) for EVC_TX_Buffer
    main.o(i.EVC_Read_UserDate2) refers to memseta.o(.text) for __aeabi_memclr4
    main.o(i.EVC_Read_UserDate2) refers to memcpya.o(.text) for __aeabi_memcpy
    main.o(i.EVC_Read_UserDate2) refers to uart.o(i.UART5_Send) for UART5_Send
    main.o(i.EVC_Read_UserDate2) refers to ipc.o(i.rt_sem_take) for rt_sem_take
    main.o(i.EVC_Read_UserDate2) refers to main.o(i.modbus_crc16) for modbus_crc16
    main.o(i.EVC_Read_UserDate2) refers to main.o(i.Set_Latest_Alarm) for Set_Latest_Alarm
    main.o(i.EVC_Read_UserDate2) refers to main.o(.constdata) for .constdata
    main.o(i.EVC_Read_UserDate2) refers to uart.o(.data) for EVC_tx_length
    main.o(i.EVC_Read_UserDate2) refers to uart.o(.bss) for EVC_TX_Buffer
    main.o(i.EVC_SetInterval) refers to main.o(i.modbus_crc16) for modbus_crc16
    main.o(i.EVC_SetInterval) refers to memcpya.o(.text) for __aeabi_memcpy
    main.o(i.EVC_SetInterval) refers to uart.o(i.UART5_Send) for UART5_Send
    main.o(i.EVC_SetInterval) refers to main.o(.constdata) for .constdata
    main.o(i.EVC_SetInterval) refers to uart.o(.data) for EVC_tx_length
    main.o(i.EVC_SetInterval) refers to uart.o(.bss) for EVC_TX_Buffer
    main.o(i.EVC_TimeCalibration) refers to rtc.o(i.RTC_GetRTC) for RTC_GetRTC
    main.o(i.EVC_TimeCalibration) refers to main.o(i.modbus_crc16) for modbus_crc16
    main.o(i.EVC_TimeCalibration) refers to memcpya.o(.text) for __aeabi_memcpy
    main.o(i.EVC_TimeCalibration) refers to uart.o(i.UART5_Send) for UART5_Send
    main.o(i.EVC_TimeCalibration) refers to uart.o(.data) for EVC_tx_length
    main.o(i.EVC_TimeCalibration) refers to uart.o(.bss) for EVC_TX_Buffer
    main.o(i.GPIO_IRQHandler) refers to fm33a0xxev_gpio.o(i.GPIO_EXTI_EXTIISR_ChkEx) for GPIO_EXTI_EXTIISR_ChkEx
    main.o(i.GPIO_IRQHandler) refers to fm33a0xxev_gpio.o(i.GPIO_EXTI_EXTIISR_ClrEx) for GPIO_EXTI_EXTIISR_ClrEx
    main.o(i.GPIO_IRQHandler) refers to fm33a0xxev_gpio.o(i.GPIO_ReadInputDataBit) for GPIO_ReadInputDataBit
    main.o(i.GPIO_IRQHandler) refers to timer.o(i.rt_timer_start) for rt_timer_start
    main.o(i.GPIO_IRQHandler) refers to main.o(.data) for GP_TEST_LEVEL
    main.o(i.GPRS_CRC) refers to main.o(i.modbus_crc16) for modbus_crc16
    main.o(i.GPRS_CRC) refers to uart.o(.data) for GPRS_recv_lenth
    main.o(i.GPRS_CRC) refers to uart.o(.bss) for GPRS_RX_Buffer
    main.o(i.GPRS_CmdProcessing_thread_entry) refers to thread.o(i.rt_thread_mdelay) for rt_thread_mdelay
    main.o(i.GPRS_CmdProcessing_thread_entry) refers to ipc.o(i.rt_sem_take) for rt_sem_take
    main.o(i.GPRS_CmdProcessing_thread_entry) refers to ec800.o(i.Disconnect) for Disconnect
    main.o(i.GPRS_CmdProcessing_thread_entry) refers to main.o(i.GPRS_CRC) for GPRS_CRC
[...]
    U7816_IRQHandler                         0x000001c3   Thumb Code     0  startup_fm33a0xxev.o(.text)
    UART0_IRQHandler                         0x000001c3   Thumb Code     0  startup_fm33a0xxev.o(.text)
    UART1_IRQHandler                         0x000001c3   Thumb Code     0  startup_fm33a0xxev.o(.text)
    UART2_IRQHandler                         0x000001c3   Thumb Code     0  startup_fm33a0xxev.o(.text)
    UART3_IRQHandler                         0x000001c3   Thumb Code     0  startup_fm33a0xxev.o(.text)
    WKUPx_IRQHandler                         0x000001c3   Thumb Code     0  startup_fm33a0xxev.o(.text)
    WWDT_IRQHandler                          0x000001c3   Thumb Code     0  startup_fm33a0xxev.o(.text)
    __aeabi_uidiv                            0x000001cd   Thumb Code     0  uidiv.o(.text)
    __aeabi_uidivmod                         0x000001cd   Thumb Code    44  uidiv.o(.text)
    __aeabi_idiv                             0x000001f9   Thumb Code     0  idiv.o(.text)
    __aeabi_idivmod                          0x000001f9   Thumb Code    40  idiv.o(.text)
    __aeabi_memcpy                           0x00000221   Thumb Code    36  memcpya.o(.text)
    __aeabi_memcpy4                          0x00000221   Thumb Code     0  memcpya.o(.text)
    __aeabi_memcpy8                          0x00000221   Thumb Code     0  memcpya.o(.text)
    __aeabi_memset                           0x00000245   Thumb Code    14  memseta.o(.text)
    __aeabi_memset4                          0x00000245   Thumb Code     0  memseta.o(.text)
    __aeabi_memset8                          0x00000245   Thumb Code     0  memseta.o(.text)
    __aeabi_memclr                           0x00000253   Thumb Code     4  memseta.o(.text)
    __aeabi_memclr4                          0x00000253   Thumb Code     0  memseta.o(.text)
    __aeabi_memclr8                          0x00000253   Thumb Code     0  memseta.o(.text)
    _memset$wrapper                          0x00000257   Thumb Code    18  memseta.o(.text)
    strstr                                   0x00000269   Thumb Code    40  strstr.o(.text)
    __aeabi_fdiv                             0x00000291   Thumb Code   124  fdiv.o(.text)
    __aeabi_dadd                             0x0000030d   Thumb Code   330  dadd.o(.text)
    __aeabi_dsub                             0x00000457   Thumb Code    12  dadd.o(.text)
    __aeabi_drsub                            0x00000463   Thumb Code    12  dadd.o(.text)
    __aeabi_ui2f                             0x00000475   Thumb Code    14  ffltui.o(.text)
    __aeabi_d2uiz                            0x00000485   Thumb Code    50  dfixui.o(.text)
    __aeabi_f2d                              0x000004c1   Thumb Code    40  f2d.o(.text)
    __aeabi_cfrcmple                         0x000004e9   Thumb Code    20  cfrcmple.o(.text)
    __aeabi_llsl                             0x000004fd   Thumb Code    32  llshl.o(.text)
    _ll_shift_l                              0x000004fd   Thumb Code     0  llshl.o(.text)
    __aeabi_llsr                             0x0000051d   Thumb Code    34  llushr.o(.text)
    _ll_ushift_r                             0x0000051d   Thumb Code     0  llushr.o(.text)
    __aeabi_lasr                             0x0000053f   Thumb Code    38  llsshr.o(.text)
    _ll_sshift_r                             0x0000053f   Thumb Code     0  llsshr.o(.text)
    __I$use$fp                               0x00000565   Thumb Code     0  iusefp.o(.text)
    _float_round                             0x00000565   Thumb Code    16  fepilogue.o(.text)
    _float_epilogue                          0x00000575   Thumb Code   114  fepilogue.o(.text)
    _double_round                            0x000005e7   Thumb Code    26  depilogue.o(.text)
    _double_epilogue                         0x00000601   Thumb Code   164  depilogue.o(.text)
    __scatterload                            0x000006a5   Thumb Code    28  init.o(.text)
    __scatterload_rt2                        0x000006a5   Thumb Code     0  init.o(.text)
    main                                     0x000006c9   Thumb Code    10  components.o(i.$Sub$$main)
    ADC_CFGR_BUFEN_Setable                   0x000006d5   Thumb Code    32  fm33a0xxev_adc.o(i.ADC_CFGR_BUFEN_Setable)
    ADC_CFGR_BUFSEL_Set                      0x000006f9   Thumb Code    22  fm33a0xxev_adc.o(i.ADC_CFGR_BUFSEL_Set)
    ADC_CR_ADC_IE_Setable                    0x00000715   Thumb Code    32  fm33a0xxev_adc.o(i.ADC_CR_ADC_IE_Setable)
    ADC_CR_EN_Setable                        0x00000739   Thumb Code    32  fm33a0xxev_adc.o(i.ADC_CR_EN_Setable)
    ADC_CR_MODE_Set                          0x0000075d   Thumb Code    26  fm33a0xxev_adc.o(i.ADC_CR_MODE_Set)
    ADC_DR_Read                              0x0000077d   Thumb Code     8  fm33a0xxev_adc.o(i.ADC_DR_Read)
    ADC_IO_Init                              0x00000789   Thumb Code    52  adc.o(i.ADC_IO_Init)
    ADC_ISR_ADC_IF_Chk                       0x000007c5   Thumb Code    20  fm33a0xxev_adc.o(i.ADC_ISR_ADC_IF_Chk)
    ADC_ISR_ADC_IF_Clr                       0x000007dd   Thumb Code     8  fm33a0xxev_adc.o(i.ADC_ISR_ADC_IF_Clr)
    ADC_Init_ExVolt                          0x000007e9   Thumb Code    62  adc.o(i.ADC_Init_ExVolt)
    ADC_TRIM_Write                           0x0000082d   Thumb Code    10  fm33a0xxev_adc.o(i.ADC_TRIM_Write)
    ADC_Wait_Finish                          0x0000083d   Thumb Code    32  adc.o(i.ADC_Wait_Finish)
    ANAC_ADC_VoltageCalc                     0x0000085d   Thumb Code    52  adc.o(i.ANAC_ADC_VoltageCalc)
    AltFunIO                                 0x00000895   Thumb Code   166  user_init.o(i.AltFunIO)
    AnalogIO                                 0x0000093b   Thumb Code    80  user_init.o(i.AnalogIO)
    BTx_CFGR1_GRP1SEL_Set                    0x0000098b   Thumb Code    18  fm33a0xxev_bt.o(i.BTx_CFGR1_GRP1SEL_Set)
    BTx_CR1_CHEN_Setable                     0x0000099d   Thumb Code    24  fm33a0xxev_bt.o(i.BTx_CR1_CHEN_Setable)
    BTx_CR1_EDGESEL_Set                      0x000009b5   Thumb Code    24  fm33a0xxev_bt.o(i.BTx_CR1_EDGESEL_Set)
    BTx_CR1_MODE_Set                         0x000009cd   Thumb Code    24  fm33a0xxev_bt.o(i.BTx_CR1_MODE_Set)
    BTx_CR2_CNTHSEL_Set                      0x000009e5   Thumb Code    24  fm33a0xxev_bt.o(i.BTx_CR2_CNTHSEL_Set)
    BTx_CR2_SIG2SEL_Set                      0x000009fd   Thumb Code    24  fm33a0xxev_bt.o(i.BTx_CR2_SIG2SEL_Set)
    BTx_CR2_STDIR_Setable                    0x00000a15   Thumb Code    24  fm33a0xxev_bt.o(i.BTx_CR2_STDIR_Setable)
    BTx_IER_CMPHIE_Setable                   0x00000a2d   Thumb Code    24  fm33a0xxev_bt.o(i.BTx_IER_CMPHIE_Setable)
    BTx_IER_OVHIE_Setable                    0x00000a45   Thumb Code    24  fm33a0xxev_bt.o(i.BTx_IER_OVHIE_Setable)
    BTx_IRQHandler                           0x00000a5d   Thumb Code    78  bt16.o(i.BTx_IRQHandler)
    BTx_ISR_CMPHIF_Chk                       0x00000ab5   Thumb Code    20  fm33a0xxev_bt.o(i.BTx_ISR_CMPHIF_Chk)
    BTx_ISR_CMPHIF_Clr                       0x00000ac9   Thumb Code     6  fm33a0xxev_bt.o(i.BTx_ISR_CMPHIF_Clr)
    BTx_ISR_CMPLIF_Clr                       0x00000acf   Thumb Code     6  fm33a0xxev_bt.o(i.BTx_ISR_CMPLIF_Clr)
    BTx_LOADCR_LHEN_Setable                  0x00000ad5   Thumb Code    24  fm33a0xxev_bt.o(i.BTx_LOADCR_LHEN_Setable)
    BTx_LOADCR_LLEN_Setable                  0x00000aed   Thumb Code    24  fm33a0xxev_bt.o(i.BTx_LOADCR_LLEN_Setable)
    BTx_LOADH_Write                          0x00000b05   Thumb Code     6  fm33a0xxev_bt.o(i.BTx_LOADH_Write)
    BTx_LOADL_Write                          0x00000b0b   Thumb Code     6  fm33a0xxev_bt.o(i.BTx_LOADL_Write)
    BTx_PRES_Write                           0x00000b11   Thumb Code     6  fm33a0xxev_bt.o(i.BTx_PRES_Write)
    BtimerInit                               0x00000b19   Thumb Code   234  bt16.o(i.BtimerInit)
    BtimerStart                              0x00000c15   Thumb Code    32  bt16.o(i.BtimerStart)
    BtimerStop                               0x00000c39   Thumb Code    32  bt16.o(i.BtimerStop)
    CDIF_CR_INTF_EN_Setable                  0x00000c5d   Thumb Code    20  fm33a0xxev_cdif.o(i.CDIF_CR_INTF_EN_Setable)
    CMU_GetClocksFreq                        0x00000c75   Thumb Code   274  fm33a0xxev_cmu.o(i.CMU_GetClocksFreq)
    CMU_Init_RCHF_Trim                       0x00000d91   Thumb Code    80  fm33a0xxev_cmu.o(i.CMU_Init_RCHF_Trim)
    CMU_OPCCR1_EXTICKE_Setable               0x00000de5   Thumb Code    32  fm33a0xxev_cmu.o(i.CMU_OPCCR1_EXTICKE_Setable)
    CMU_OPCCR1_EXTICKSEL_Set                 0x00000e09   Thumb Code    26  fm33a0xxev_cmu.o(i.CMU_OPCCR1_EXTICKSEL_Set)
    CMU_OPCCR1_UART0CKE_Setable              0x00000e29   Thumb Code    34  fm33a0xxev_cmu.o(i.CMU_OPCCR1_UART0CKE_Setable)
    CMU_OPCCR1_UART0CKS_Set                  0x00000e51   Thumb Code    22  fm33a0xxev_cmu.o(i.CMU_OPCCR1_UART0CKS_Set)
    CMU_OPCCR1_UART1CKE_Setable              0x00000e6d   Thumb Code    34  fm33a0xxev_cmu.o(i.CMU_OPCCR1_UART1CKE_Setable)
    CMU_OPCCR1_UART1CKS_Set                  0x00000e95   Thumb Code    26  fm33a0xxev_cmu.o(i.CMU_OPCCR1_UART1CKS_Set)
    CMU_OPCCR2_LPTCKE_Setable                0x00000eb5   Thumb Code    34  fm33a0xxev_cmu.o(i.CMU_OPCCR2_LPTCKE_Setable)
    CMU_OPCCR2_LPTCKS_Set                    0x00000edd   Thumb Code    28  fm33a0xxev_cmu.o(i.CMU_OPCCR2_LPTCKS_Set)
    CMU_PERCLK_SetableEx                     0x00000efd   Thumb Code   100  fm33a0xxev_cmu.o(i.CMU_PERCLK_SetableEx)
    CMU_PLLHCR_EN_Getable                    0x00000f65   Thumb Code    20  fm33a0xxev_cmu.o(i.CMU_PLLHCR_EN_Getable)
    CMU_PLLHCR_OSEL_Get                      0x00000f7d   Thumb Code    10  fm33a0xxev_cmu.o(i.CMU_PLLHCR_OSEL_Get)
    CMU_PLLHCR_PLLHDB_Get                    0x00000f8d   Thumb Code    10  fm33a0xxev_cmu.o(i.CMU_PLLHCR_PLLHDB_Get)
    CMU_RCHFCR_FSEL_Get                      0x00000fa1   Thumb Code    12  fm33a0xxev_cmu.o(i.CMU_RCHFCR_FSEL_Get)
    CMU_RCHFCR_FSEL_Set                      0x00000fb1   Thumb Code    28  fm33a0xxev_cmu.o(i.CMU_RCHFCR_FSEL_Set)
    CMU_RCHFCR_RCHFEN_Getable                0x00000fd1   Thumb Code    20  fm33a0xxev_cmu.o(i.CMU_RCHFCR_RCHFEN_Getable)
    CMU_RCHFCR_RCHFEN_Setable                0x00000fe9   Thumb Code    32  fm33a0xxev_cmu.o(i.CMU_RCHFCR_RCHFEN_Setable)
    CMU_RCHFTR_RCHFTRIM_Set                  0x0000100d   Thumb Code    20  fm33a0xxev_cmu.o(i.CMU_RCHFTR_RCHFTRIM_Set)
    CMU_RCHF_Init                            0x00001025   Thumb Code    18  fm33a0xxev_cmu.o(i.CMU_RCHF_Init)
    CMU_SYSCLKCR_AHBPRES_Get                 0x00001039   Thumb Code    12  fm33a0xxev_cmu.o(i.CMU_SYSCLKCR_AHBPRES_Get)
    CMU_SYSCLKCR_AHBPRES_Set                 0x00001049   Thumb Code    28  fm33a0xxev_cmu.o(i.CMU_SYSCLKCR_AHBPRES_Set)
    CMU_SYSCLKCR_APBPRES_Get                 0x00001069   Thumb Code    12  fm33a0xxev_cmu.o(i.CMU_SYSCLKCR_APBPRES_Get)
    CMU_SYSCLKCR_APBPRES_Set                 0x00001079   Thumb Code    28  fm33a0xxev_cmu.o(i.CMU_SYSCLKCR_APBPRES_Set)
    CMU_SYSCLKCR_SLP_ENEXTI_Setable          0x00001099   Thumb Code    34  fm33a0xxev_cmu.o(i.CMU_SYSCLKCR_SLP_ENEXTI_Setable)
    CMU_SYSCLKCR_SYSCLKSEL_Get               0x000010c1   Thumb Code    10  fm33a0xxev_cmu.o(i.CMU_SYSCLKCR_SYSCLKSEL_Get)
    CMU_SYSCLKCR_SYSCLKSEL_Set               0x000010d1   Thumb Code    22  fm33a0xxev_cmu.o(i.CMU_SYSCLKCR_SYSCLKSEL_Set)
    CMU_SysClk_Init                          0x000010ed   Thumb Code    30  fm33a0xxev_cmu.o(i.CMU_SysClk_Init)
    Connect                                  0x0000110d   Thumb Code  1290  ec800.o(i.Connect)
    DEBUG_Init                               0x00001659   Thumb Code    10  user_init.o(i.DEBUG_Init)
    DeepSleep                                0x00001663   Thumb Code    86  sleep.o(i.DeepSleep)
    Disconnect                               0x000016b9   Thumb Code   126  ec800.o(i.Disconnect)
    EVC_Read_RealTimeDate                    0x0000180d   Thumb Code    98  main.o(i.EVC_Read_RealTimeDate)
    EVC_Read_UserDate2                       0x00001889   Thumb Code   164  main.o(i.EVC_Read_UserDate2)
    EVC_SetInterval                          0x0000194d   Thumb Code    64  main.o(i.EVC_SetInterval)
    EVC_TimeCalibration                      0x00001999   Thumb Code    94  main.o(i.EVC_TimeCalibration)
    EXTI_Init                                0x00001a11   Thumb Code   142  user_init.o(i.EXTI_Init)
    FLS_RDCR_WAIT_Set                        0x00001aad   Thumb Code    22  fm33a0xxev_flash.o(i.FLS_RDCR_WAIT_Set)
    Flash_Spi1_Init                          0x00001ac9   Thumb Code   210  spi.o(i.Flash_Spi1_Init)
    GPIO_EXTI_EXTIDF_Setable                 0x00001ba9   Thumb Code   238  fm33a0xxev_gpio.o(i.GPIO_EXTI_EXTIDF_Setable)
    GPIO_EXTI_EXTIISR_ChkEx                  0x00001ca5   Thumb Code   232  fm33a0xxev_gpio.o(i.GPIO_EXTI_EXTIISR_ChkEx)
    GPIO_EXTI_EXTIISR_ClrEx                  0x00001d99   Thumb Code   222  fm33a0xxev_gpio.o(i.GPIO_EXTI_EXTIISR_ClrEx)
    GPIO_EXTI_Init                           0x00001e85   Thumb Code    84  fm33a0xxev_gpio.o(i.GPIO_EXTI_Init)
    GPIO_EXTI_Select_Edge                    0x00001edd   Thumb Code   254  fm33a0xxev_gpio.o(i.GPIO_EXTI_Select_Edge)
    GPIO_EXTI_Select_Pin                     0x00001fe9   Thumb Code   296  fm33a0xxev_gpio.o(i.GPIO_EXTI_Select_Pin)
    GPIO_Get_InitPara                        0x0000211d   Thumb Code   148  fm33a0xxev_gpio.o(i.GPIO_Get_InitPara)
    GPIO_IRQHandler                          0x000021b1   Thumb Code   104  main.o(i.GPIO_IRQHandler)
    GPIO_Init                                0x00002231   Thumb Code   114  fm33a0xxev_gpio.o(i.GPIO_Init)
    GPIO_ReadInputDataBit                    0x000022a3   Thumb Code    20  fm33a0xxev_gpio.o(i.GPIO_ReadInputDataBit)
    GPIO_ResetBits                           0x000022b7   Thumb Code     4  fm33a0xxev_gpio.o(i.GPIO_ResetBits)
    GPIO_SetBits                             0x000022bb   Thumb Code     4  fm33a0xxev_gpio.o(i.GPIO_SetBits)
    GPIOx_ANEN_Setable                       0x000022bf   Thumb Code    28  fm33a0xxev_gpio.o(i.GPIOx_ANEN_Setable)
    GPIOx_DFS_Setable                        0x000022db   Thumb Code    28  fm33a0xxev_gpio.o(i.GPIOx_DFS_Setable)
    GPRS_CRC                                 0x000022f9   Thumb Code    54  main.o(i.GPRS_CRC)
    IO_Init                                  0x000026a9   Thumb Code   228  user_init.o(i.IO_Init)
    IWDT_Clr                                 0x00002799   Thumb Code     8  user_init.o(i.IWDT_Clr)
    IWDT_Init                                0x000027a9   Thumb Code    22  user_init.o(i.IWDT_Init)
    Init_RCHF                                0x000027c9   Thumb Code    26  user_init.o(i.Init_RCHF)
    Init_RCLP                                0x000027e5   Thumb Code    24  user_init.o(i.Init_RCLP)
    Init_SysClk                              0x00002809   Thumb Code    24  user_init.o(i.Init_SysClk)
    Init_SysClk_Gen                          0x00002821   Thumb Code    22  user_init.o(i.Init_SysClk_Gen)
    Init_SysTick                             0x00002839   Thumb Code    62  user_init.o(i.Init_SysTick)
    Init_System                              0x00002881   Thumb Code   130  user_init.o(i.Init_System)
    InputtIO                                 0x0000290d   Thumb Code   116  user_init.o(i.InputtIO)
    LPTIM_ARR_Write                          0x00002981   Thumb Code     6  fm33a0xxev_lptim.o(i.LPTIM_ARR_Write)
    LPTIM_CFGR_DIVSEL_Set                    0x0000298d   Thumb Code    28  fm33a0xxev_lptim.o(i.LPTIM_CFGR_DIVSEL_Set)
    LPTIM_CFGR_ETR_AFEN_Setable              0x000029ad   Thumb Code    34  fm33a0xxev_lptim.o(i.LPTIM_CFGR_ETR_AFEN_Setable)
    LPTIM_CFGR_ONST_Set                      0x000029d5   Thumb Code    26  fm33a0xxev_lptim.o(i.LPTIM_CFGR_ONST_Set)
    LPTIM_CFGR_PSCSEL_Set                    0x000029f5   Thumb Code    28  fm33a0xxev_lptim.o(i.LPTIM_CFGR_PSCSEL_Set)
    LPTIM_CFGR_TMODE_Set                     0x00002a15   Thumb Code    22  fm33a0xxev_lptim.o(i.LPTIM_CFGR_TMODE_Set)
    LPTIM_CR_EN_Setable                      0x00002a31   Thumb Code    32  fm33a0xxev_lptim.o(i.LPTIM_CR_EN_Setable)
    LPTIM_IER_OVIE_Setable                   0x00002a55   Thumb Code    32  fm33a0xxev_lptim.o(i.LPTIM_IER_OVIE_Setable)
    LPTIM_IRQHandler                         0x00002a79   Thumb Code    20  main.o(i.LPTIM_IRQHandler)
    LPTIM_ISR_OVIF_Chk                       0x00002a8d   Thumb Code    20  fm33a0xxev_lptim.o(i.LPTIM_ISR_OVIF_Chk)
    LPTIM_ISR_OVIF_Clr                       0x00002aa5   Thumb Code     8  fm33a0xxev_lptim.o(i.LPTIM_ISR_OVIF_Clr)
    LowPower_IO_Init                         0x00002ab1   Thumb Code    84  user_init.o(i.LowPower_IO_Init)
    PMU_CR_CVS_Set                           0x00002b19   Thumb Code    26  fm33a0xxev_pmu.o(i.PMU_CR_CVS_Set)
    PMU_CR_PMOD_Set                          0x00002b39   Thumb Code    22  fm33a0xxev_pmu.o(i.PMU_CR_PMOD_Set)
    PMU_CR_SLPDP_Set                         0x00002b55   Thumb Code    26  fm33a0xxev_pmu.o(i.PMU_CR_SLPDP_Set)
    PMU_SleepCfg_Init                        0x00002b75   Thumb Code    46  fm33a0xxev_pmu.o(i.PMU_SleepCfg_Init)
    PMU_WKTR_T1A_Set                         0x00002ba9   Thumb Code    22  fm33a0xxev_pmu.o(i.PMU_WKTR_T1A_Set)
    RMU_BORCR_BOR_PDRCFG_Set                 0x00002bc5   Thumb Code    26  fm33a0xxev_rmu.o(i.RMU_BORCR_BOR_PDRCFG_Set)
    RMU_BORCR_OFF_BOR_Setable                0x00002be5   Thumb Code    32  fm33a0xxev_rmu.o(i.RMU_BORCR_OFF_BOR_Setable)
    RMU_PDRCR_PDRCFG_Set                     0x00002c09   Thumb Code    26  fm33a0xxev_rmu.o(i.RMU_PDRCR_PDRCFG_Set)
    RMU_PDRCR_PDREN_Setable                  0x00002c29   Thumb Code    32  fm33a0xxev_rmu.o(i.RMU_PDRCR_PDREN_Setable)
    RTC_ALARM_ALARMHOUR_Set                  0x00002c4d   Thumb Code    28  fm33a0xxev_rtc.o(i.RTC_ALARM_ALARMHOUR_Set)
    RTC_ALARM_ALARMMIN_Set                   0x00002c6d   Thumb Code    28  fm33a0xxev_rtc.o(i.RTC_ALARM_ALARMMIN_Set)
    RTC_ALARM_ALARMSEC_Set                   0x00002c8d   Thumb Code    22  fm33a0xxev_rtc.o(i.RTC_ALARM_ALARMSEC_Set)
    RTC_ALARM_ALMEN_Setable                  0x00002ca9   Thumb Code    32  fm33a0xxev_rtc.o(i.RTC_ALARM_ALMEN_Setable)
    RTC_Alarm                                0x00002ccd   Thumb Code    44  rtc.o(i.RTC_Alarm)
    RTC_AlarmTime_SetEx                      0x00002cf9   Thumb Code    28  fm33a0xxev_rtc.o(i.RTC_AlarmTime_SetEx)
    RTC_BCDDATE_Read                         0x00002d15   Thumb Code    10  fm33a0xxev_rtc.o(i.RTC_BCDDATE_Read)
    RTC_BCDDATE_Write                        0x00002d25   Thumb Code    10  fm33a0xxev_rtc.o(i.RTC_BCDDATE_Write)
    RTC_BCDHOUR_Read                         0x00002d35   Thumb Code    10  fm33a0xxev_rtc.o(i.RTC_BCDHOUR_Read)
    RTC_BCDHOUR_Write                        0x00002d45   Thumb Code    10  fm33a0xxev_rtc.o(i.RTC_BCDHOUR_Write)
    RTC_BCDMIN_Read                          0x00002d55   Thumb Code    10  fm33a0xxev_rtc.o(i.RTC_BCDMIN_Read)
    RTC_BCDMIN_Write                         0x00002d65   Thumb Code    10  fm33a0xxev_rtc.o(i.RTC_BCDMIN_Write)
    RTC_BCDMONTH_Read                        0x00002d75   Thumb Code    10  fm33a0xxev_rtc.o(i.RTC_BCDMONTH_Read)
    RTC_BCDMONTH_Write                       0x00002d85   Thumb Code    10  fm33a0xxev_rtc.o(i.RTC_BCDMONTH_Write)
    RTC_BCDSEC_Read                          0x00002d95   Thumb Code    10  fm33a0xxev_rtc.o(i.RTC_BCDSEC_Read)
    RTC_BCDSEC_Write                         0x00002da5   Thumb Code    10  fm33a0xxev_rtc.o(i.RTC_BCDSEC_Write)
    RTC_BCDWEEK_Read                         0x00002db5   Thumb Code    10  fm33a0xxev_rtc.o(i.RTC_BCDWEEK_Read)
    RTC_BCDWEEK_Write                        0x00002dc5   Thumb Code    10  fm33a0xxev_rtc.o(i.RTC_BCDWEEK_Write)
    RTC_BCDYEAR_Read                         0x00002dd5   Thumb Code     8  fm33a0xxev_rtc.o(i.RTC_BCDYEAR_Read)
    RTC_BCDYEAR_Write                        0x00002de1   Thumb Code     8  fm33a0xxev_rtc.o(i.RTC_BCDYEAR_Write)
    RTC_CR_RTC_EN_Setable                    0x00002ded   Thumb Code    32  fm33a0xxev_rtc.o(i.RTC_CR_RTC_EN_Setable)
    RTC_GetRTC                               0x00002e11   Thumb Code    86  rtc.o(i.RTC_GetRTC)
    RTC_IER_ALARM_IE_Setable                 0x00002e69   Thumb Code    34  fm33a0xxev_rtc.o(i.RTC_IER_ALARM_IE_Setable)
    RTC_IER_SEC_IE_Setable                   0x00002e91   Thumb Code    32  fm33a0xxev_rtc.o(i.RTC_IER_SEC_IE_Setable)
    RTC_IRQHandler                           0x00002eb5   Thumb Code    42  main.o(i.RTC_IRQHandler)
    RTC_ISR_ALARM_IF_Chk                     0x00002ee9   Thumb Code    22  fm33a0xxev_rtc.o(i.RTC_ISR_ALARM_IF_Chk)
    RTC_ISR_ALARM_IF_Clr                     0x00002f05   Thumb Code    10  fm33a0xxev_rtc.o(i.RTC_ISR_ALARM_IF_Clr)
    RTC_ISR_SEC_IF_Chk                       0x00002f15   Thumb Code    20  fm33a0xxev_rtc.o(i.RTC_ISR_SEC_IF_Chk)
    RTC_ISR_SEC_IF_Clr                       0x00002f2d   Thumb Code     8  fm33a0xxev_rtc.o(i.RTC_ISR_SEC_IF_Clr)
    RTC_Init                                 0x00002f39   Thumb Code    94  rtc.o(i.RTC_Init)
    RTC_SetRTC                               0x00002fa1   Thumb Code    88  rtc.o(i.RTC_SetRTC)
    RTC_TimeDate_GetEx                       0x00003001   Thumb Code    48  fm33a0xxev_rtc.o(i.RTC_TimeDate_GetEx)
    RTC_TimeDate_SetEx                       0x00003031   Thumb Code    48  fm33a0xxev_rtc.o(i.RTC_TimeDate_SetEx)
    RTC_VCAL_PR1SEN_Setable                  0x000030a5   Thumb Code    32  fm33a0xxev_rtc.o(i.RTC_VCAL_PR1SEN_Setable)
    RTC_WER_Write                            0x000030c9   Thumb Code     6  fm33a0xxev_rtc.o(i.RTC_WER_Write)
    Restart                                  0x000030d5   Thumb Code    52  ec800.o(i.Restart)
    SPIx_CR1_BAUD_Set                        0x0000310d   Thumb Code    24  fm33a0xxev_spi.o(i.SPIx_CR1_BAUD_Set)
    SPIx_CR1_CPHA_Set                        0x00003125   Thumb Code    18  fm33a0xxev_spi.o(i.SPIx_CR1_CPHA_Set)
    SPIx_CR1_CPHOL_Set                       0x00003137   Thumb Code    24  fm33a0xxev_spi.o(i.SPIx_CR1_CPHOL_Set)
    SPIx_CR1_IOSWAP_Set                      0x0000314f   Thumb Code    26  fm33a0xxev_spi.o(i.SPIx_CR1_IOSWAP_Set)
    SPIx_CR1_LSBF_Set                        0x00003169   Thumb Code    24  fm33a0xxev_spi.o(i.SPIx_CR1_LSBF_Set)
    SPIx_CR1_MM_Set                          0x00003181   Thumb Code    26  fm33a0xxev_spi.o(i.SPIx_CR1_MM_Set)
    SPIx_CR1_WAIT_Set                        0x0000319b   Thumb Code    24  fm33a0xxev_spi.o(i.SPIx_CR1_WAIT_Set)
    SPIx_CR2_DLEN_Set                        0x000031b3   Thumb Code    26  fm33a0xxev_spi.o(i.SPIx_CR2_DLEN_Set)
    SPIx_CR2_HALFDUPLEX_Set                  0x000031cd   Thumb Code    26  fm33a0xxev_spi.o(i.SPIx_CR2_HALFDUPLEX_Set)
    SPIx_CR2_RXO_Setable                     0x000031e7   Thumb Code    26  fm33a0xxev_spi.o(i.SPIx_CR2_RXO_Setable)
    SPIx_CR2_SPIEN_Setable                   0x00003201   Thumb Code    24  fm33a0xxev_spi.o(i.SPIx_CR2_SPIEN_Setable)
    SPIx_CR2_SSNM_Set                        0x00003219   Thumb Code    24  fm33a0xxev_spi.o(i.SPIx_CR2_SSNM_Set)
    SPIx_CR2_SSNSEN_Setable                  0x00003231   Thumb Code    24  fm33a0xxev_spi.o(i.SPIx_CR2_SSNSEN_Setable)
    SPIx_CR2_SSN_Set                         0x00003249   Thumb Code    24  fm33a0xxev_spi.o(i.SPIx_CR2_SSN_Set)
    SPIx_CR2_TXO_AC_Setable                  0x00003261   Thumb Code    24  fm33a0xxev_spi.o(i.SPIx_CR2_TXO_AC_Setable)
    SPIx_CR2_TXO_Setable                     0x00003279   Thumb Code    24  fm33a0xxev_spi.o(i.SPIx_CR2_TXO_Setable)
    SPIx_CR3_MERRC_Clr                       0x00003291   Thumb Code     6  fm33a0xxev_spi.o(i.SPIx_CR3_MERRC_Clr)
    SPIx_CR3_RXBFC_Clr                       0x00003297   Thumb Code     6  fm33a0xxev_spi.o(i.SPIx_CR3_RXBFC_Clr)
    SPIx_CR3_SERRC_Clr                       0x0000329d   Thumb Code     6  fm33a0xxev_spi.o(i.SPIx_CR3_SERRC_Clr)
    SPIx_CR3_TXBFC_Clr                       0x000032a3   Thumb Code     6  fm33a0xxev_spi.o(i.SPIx_CR3_TXBFC_Clr)
    Send_AT_Command                          0x000032a9   Thumb Code   472  ec800.o(i.Send_AT_Command)
    Set_Latest_Alarm                         0x00003559   Thumb Code   252  main.o(i.Set_Latest_Alarm)
    SysTick_Handler                          0x00003655   Thumb Code    16  board.o(i.SysTick_Handler)
    SystemCoreClockUpdate                    0x00003665   Thumb Code     8  system_fm33a0xxev.o(i.SystemCoreClockUpdate)
    SystemInit                               0x00003675   Thumb Code     8  system_fm33a0xxev.o(i.SystemInit)
    Test_ADC_ExVolt                          0x00003721   Thumb Code   110  adc.o(i.Test_ADC_ExVolt)
    TicksDelay                               0x00003791   Thumb Code    34  user_init.o(i.TicksDelay)
    TicksDelayMs                             0x000037b9   Thumb Code    40  user_init.o(i.TicksDelayMs)
    TicksDelayUs                             0x000037e1   Thumb Code    22  user_init.o(i.TicksDelayUs)
    UART4_IRQHandler                         0x000037fd   Thumb Code   476  uart.o(i.UART4_IRQHandler)
    UART4_Send                               0x00003a05   Thumb Code    58  uart.o(i.UART4_Send)
    UART5_IRQHandler                         0x00003a4d   Thumb Code   350  uart.o(i.UART5_IRQHandler)
    UART5_Send                               0x00003bd9   Thumb Code    58  uart.o(i.UART5_Send)
    UART_BaudREGCalc                         0x00003c21   Thumb Code    90  fm33a0xxev_uart.o(i.UART_BaudREGCalc)
    UART_Init                                0x00003c85   Thumb Code   120  fm33a0xxev_uart.o(i.UART_Init)
    UART_SInit                               0x00003cfd   Thumb Code   500  fm33a0xxev_uart.o(i.UART_SInit)
    UARTx_BGR_Write                          0x00003f0d   Thumb Code     6  fm33a0xxev_uart.o(i.UARTx_BGR_Write)
    UARTx_CSR_PARITY_Set                     0x00003f13   Thumb Code    24  fm33a0xxev_uart.o(i.UARTx_CSR_PARITY_Set)
    UARTx_CSR_PDSEL_Set                      0x00003f2b   Thumb Code    24  fm33a0xxev_uart.o(i.UARTx_CSR_PDSEL_Set)
    UARTx_CSR_RXEN_Setable                   0x00003f43   Thumb Code    24  fm33a0xxev_uart.o(i.UARTx_CSR_RXEN_Setable)
    UARTx_CSR_RXPOL_Setable                  0x00003f5b   Thumb Code    24  fm33a0xxev_uart.o(i.UARTx_CSR_RXPOL_Setable)
    UARTx_CSR_STOPCFG_Set                    0x00003f73   Thumb Code    26  fm33a0xxev_uart.o(i.UARTx_CSR_STOPCFG_Set)
    UARTx_CSR_TXEN_Setable                   0x00003f8d   Thumb Code    24  fm33a0xxev_uart.o(i.UARTx_CSR_TXEN_Setable)
    UARTx_CSR_TXIREN_Setable                 0x00003fa5   Thumb Code    26  fm33a0xxev_uart.o(i.UARTx_CSR_TXIREN_Setable)
    UARTx_CSR_TXPOL_Setable                  0x00003fbf   Thumb Code    24  fm33a0xxev_uart.o(i.UARTx_CSR_TXPOL_Setable)
    UARTx_IER_RXBF_IE_Getable                0x00003fd7   Thumb Code    22  fm33a0xxev_uart.o(i.UARTx_IER_RXBF_IE_Getable)
    UARTx_IER_RXBF_IE_Setable                0x00003fed   Thumb Code    26  fm33a0xxev_uart.o(i.UARTx_IER_RXBF_IE_Setable)
    UARTx_IER_RXERR_IE_Setable               0x00004007   Thumb Code    26  fm33a0xxev_uart.o(i.UARTx_IER_RXERR_IE_Setable)
    UARTx_IER_RXTO_IE_Setable                0x00004021   Thumb Code    26  fm33a0xxev_uart.o(i.UARTx_IER_RXTO_IE_Setable)
    UARTx_IER_TXBE_IE_Setable                0x0000403b   Thumb Code    24  fm33a0xxev_uart.o(i.UARTx_IER_TXBE_IE_Setable)
    UARTx_IER_TXSE_IE_Getable                0x00004053   Thumb Code    20  fm33a0xxev_uart.o(i.UARTx_IER_TXSE_IE_Getable)
    UARTx_IER_TXSE_IE_Setable                0x00004067   Thumb Code    24  fm33a0xxev_uart.o(i.UARTx_IER_TXSE_IE_Setable)
    UARTx_ISR_RXBF_Chk                       0x0000407f   Thumb Code    22  fm33a0xxev_uart.o(i.UARTx_ISR_RXBF_Chk)
    UARTx_ISR_RXBF_Clr                       0x00004095   Thumb Code     8  fm33a0xxev_uart.o(i.UARTx_ISR_RXBF_Clr)
    UARTx_ISR_TXSE_Chk                       0x0000409d   Thumb Code    20  fm33a0xxev_uart.o(i.UARTx_ISR_TXSE_Chk)
    UARTx_ISR_TXSE_Clr                       0x000040b1   Thumb Code     6  fm33a0xxev_uart.o(i.UARTx_ISR_TXSE_Clr)
    UARTx_RXBUF_Read                         0x000040b7   Thumb Code    10  fm33a0xxev_uart.o(i.UARTx_RXBUF_Read)
    UARTx_TXBUF_Write                        0x000040c1   Thumb Code     8  fm33a0xxev_uart.o(i.UARTx_TXBUF_Write)
    Uartx_Enable                             0x000040c9   Thumb Code    22  uart.o(i.Uartx_Enable)
    Uartx_Init                               0x000040e1   Thumb Code   394  uart.o(i.Uartx_Init)
    VRTC_ADCCR_CKE_Setable                   0x00004279   Thumb Code    32  fm33a0xxev_vrtc.o(i.VRTC_ADCCR_CKE_Setable)
    VRTC_ADCCR_CKS_Set                       0x0000429d   Thumb Code    26  fm33a0xxev_vrtc.o(i.VRTC_ADCCR_CKS_Set)
    VRTC_Init_RCMF_Trim                      0x000042bd   Thumb Code    32  fm33a0xxev_vrtc.o(i.VRTC_Init_RCMF_Trim)
    VRTC_RCMFCR_EN_Setable                   0x000042e1   Thumb Code    32  fm33a0xxev_vrtc.o(i.VRTC_RCMFCR_EN_Setable)
    VRTC_RCMFCR_TRIM_Set                     0x00004305   Thumb Code    22  fm33a0xxev_vrtc.o(i.VRTC_RCMFCR_TRIM_Set)
    Voltage_Read                             0x00004321   Thumb Code    60  main.o(i.Voltage_Read)
    __ARM_clz                                0x00004369   Thumb Code    46  depilogue.o(i.__ARM_clz)
    __ARM_common_switch8                     0x00004397   Thumb Code    28  uart.o(i.__ARM_common_switch8)
    __rt_ffs                                 0x000046c5   Thumb Code    86  kservice.o(i.__rt_ffs)
    __scatterload_copy                       0x00004721   Thumb Code    14  handlers.o(i.__scatterload_copy)
    __scatterload_null                       0x0000472f   Thumb Code     2  handlers.o(i.__scatterload_null)
    __scatterload_zeroinit                   0x00004731   Thumb Code    14  handlers.o(i.__scatterload_zeroinit)
    fm33xx_hw_lptimer_init                   0x00004849   Thumb Code   148  lptimer32.o(i.fm33xx_hw_lptimer_init)
    $Super$$main                             0x000048e1   Thumb Code   352  main.o(i.main)
    main_thread_entry                        0x00004b2d   Thumb Code    14  components.o(i.main_thread_entry)
    modbus_crc16                             0x00004b3d   Thumb Code    56  main.o(i.modbus_crc16)
    rt_application_init                      0x00004bfd   Thumb Code    34  components.o(i.rt_application_init)
    rt_components_board_init                 0x00004c2d   Thumb Code    38  components.o(i.rt_components_board_init)
    rt_components_init                       0x00004c79   Thumb Code    44  components.o(i.rt_components_init)
    rt_enter_critical                        0x00004ce9   Thumb Code    28  scheduler.o(i.rt_enter_critical)
    rt_exit_critical                         0x00004d09   Thumb Code    64  scheduler.o(i.rt_exit_critical)
    rt_free                                  0x00004d51   Thumb Code   134  mem.o(i.rt_free)
    rt_heap_begin_get                        0x00004e39   Thumb Code     4  board.o(i.rt_heap_begin_get)
    rt_heap_end_get                          0x00004e41   Thumb Code     4  board.o(i.rt_heap_end_get)
    rt_hw_board_init                         0x00004e49   Thumb Code    94  board.o(i.rt_hw_board_init)
    rt_hw_hard_fault_exception               0x00004eb9   Thumb Code    80  cpuport.o(i.rt_hw_hard_fault_exception)
    rt_hw_stack_init                         0x00004fa9   Thumb Code    58  cpuport.o(i.rt_hw_stack_init)
    rt_interrupt_enter                       0x00004fe9   Thumb Code    26  irq.o(i.rt_interrupt_enter)
    rt_interrupt_leave                       0x00005009   Thumb Code    26  irq.o(i.rt_interrupt_leave)
    rt_kprintf                               0x000050af   Thumb Code     2  kservice.o(i.rt_kprintf)
    rt_malloc                                0x00005141   Thumb Code   334  mem.o(i.rt_malloc)
    rt_memset                                0x000052ad   Thumb Code    76  kservice.o(i.rt_memset)
    rt_object_allocate                       0x000052f9   Thumb Code    80  object.o(i.rt_object_allocate)
    rt_object_delete                         0x00005349   Thumb Code    36  object.o(i.rt_object_delete)
    rt_object_detach                         0x0000536d   Thumb Code    30  object.o(i.rt_object_detach)
    rt_object_get_information                0x0000538d   Thumb Code    32  object.o(i.rt_object_get_information)
    rt_object_init                           0x000053b1   Thumb Code    86  object.o(i.rt_object_init)
    rt_object_is_systemobject                0x00005407   Thumb Code    20  object.o(i.rt_object_is_systemobject)
    rt_schedule                              0x0000541d   Thumb Code   106  scheduler.o(i.rt_schedule)
    rt_schedule_insert_thread                0x000054a1   Thumb Code    74  scheduler.o(i.rt_schedule_insert_thread)
    rt_schedule_remove_thread                0x000054f5   Thumb Code    78  scheduler.o(i.rt_schedule_remove_thread)
    rt_sem_create                            0x0000554d   Thumb Code    40  ipc.o(i.rt_sem_create)
    rt_sem_init                              0x00005575   Thumb Code    34  ipc.o(i.rt_sem_init)
    rt_sem_release                           0x00005597   Thumb Code    60  ipc.o(i.rt_sem_release)
    rt_sem_take                              0x000055d3   Thumb Code   120  ipc.o(i.rt_sem_take)
    rt_show_version                          0x0000564d   Thumb Code    38  kservice.o(i.rt_show_version)
    rt_soft_timer_check                      0x000056fd   Thumb Code   122  timer.o(i.rt_soft_timer_check)
    rt_strncpy                               0x00005781   Thumb Code    56  kservice.o(i.rt_strncpy)
    rt_system_heap_init                      0x000057b9   Thumb Code   154  mem.o(i.rt_system_heap_init)
    rt_system_scheduler_init                 0x000058ad   Thumb Code    52  scheduler.o(i.rt_system_scheduler_init)
    rt_system_scheduler_start                0x000058f9   Thumb Code    36  scheduler.o(i.rt_system_scheduler_start)
    rt_system_timer_init                     0x00005929   Thumb Code    24  timer.o(i.rt_system_timer_init)
    rt_system_timer_thread_init              0x00005945   Thumb Code    58  timer.o(i.rt_system_timer_thread_init)
    rt_thread_create                         0x00005999   Thumb Code    80  thread.o(i.rt_thread_create)
    rt_thread_delay                          0x000059e9   Thumb Code    12  thread.o(i.rt_thread_delay)
    rt_thread_exit                           0x000059f5   Thumb Code    78  thread.o(i.rt_thread_exit)
    rt_thread_idle_excute                    0x00005a79   Thumb Code   138  idle.o(i.rt_thread_idle_excute)
    rt_thread_idle_init                      0x00005b09   Thumb Code    38  idle.o(i.rt_thread_idle_init)
    rt_thread_idle_sethook                   0x00005b45   Thumb Code    54  idle.o(i.rt_thread_idle_sethook)
    rt_thread_init                           0x00005b81   Thumb Code    44  thread.o(i.rt_thread_init)
    rt_thread_mdelay                         0x00005bad   Thumb Code    20  thread.o(i.rt_thread_mdelay)
    rt_thread_resume                         0x00005bc1   Thumb Code    60  thread.o(i.rt_thread_resume)
    rt_thread_self                           0x00005bfd   Thumb Code     6  thread.o(i.rt_thread_self)
    rt_thread_sleep                          0x00005c09   Thumb Code    62  thread.o(i.rt_thread_sleep)
    rt_thread_startup                        0x00005c4d   Thumb Code    48  thread.o(i.rt_thread_startup)
    rt_thread_suspend                        0x00005c7d   Thumb Code    68  thread.o(i.rt_thread_suspend)
    rt_thread_timeout                        0x00005cc1   Thumb Code    32  thread.o(i.rt_thread_timeout)
    rt_thread_yield                          0x00005d29   Thumb Code    92  thread.o(i.rt_thread_yield)
    rt_tick_from_millisecond                 0x00005d8d   Thumb Code    62  clock.o(i.rt_tick_from_millisecond)
    rt_tick_get                              0x00005dcd   Thumb Code     6  clock.o(i.rt_tick_get)
    rt_tick_increase                         0x00005dd9   Thumb Code    44  clock.o(i.rt_tick_increase)
    rt_timer_check                           0x00005e09   Thumb Code   120  timer.o(i.rt_timer_check)
    rt_timer_control                         0x00005e89   Thumb Code    60  timer.o(i.rt_timer_control)
    rt_timer_create                          0x00005ec5   Thumb Code    46  timer.o(i.rt_timer_create)
    rt_timer_detach                          0x00005ef3   Thumb Code    32  timer.o(i.rt_timer_detach)
    rt_timer_init                            0x00005f13   Thumb Code    38  timer.o(i.rt_timer_init)
    rt_timer_start                           0x00005f59   Thumb Code   298  timer.o(i.rt_timer_start)
    rt_timer_stop                            0x00006099   Thumb Code    48  timer.o(i.rt_timer_stop)
    rtthread_startup                         0x000060d9   Thumb Code    42  components.o(i.rtthread_startup)
    __rti_rti_start_name                     0x000061b0   Data          10  components.o(.constdata)
    __rti_rti_board_start_name               0x000061ba   Data          16  components.o(.constdata)
    __rti_rti_board_end_name                 0x000061ca   Data          14  components.o(.constdata)
    __rti_rti_end_name                       0x000061d8   Data           8  components.o(.constdata)
    __lowest_bit_bitmap                      0x000061e0   Data         256  kservice.o(.constdata)
    __rt_init_desc_rti_start                 0x00006304   Data           8  components.o(.rti_fn.0)
    __rt_init_desc_rti_board_start           0x0000630c   Data           8  components.o(.rti_fn.0.end)
    __rt_init_desc_rti_board_end             0x00006314   Data           8  components.o(.rti_fn.1.end)
    __rt_init_desc_rti_end                   0x0000631c   Data           8  components.o(.rti_fn.6.end)
    Region$$Table$$Base                      0x00006324   Number         0  anon$$obj.o(Region$$Table)
    Region$$Table$$Limit                     0x00006344   Number         0  anon$$obj.o(Region$$Table)
    ret                                      0x20000000   Data           4  main.o(.data)
    GP_TEST_LEVEL                            0x20000008   Data           1  main.o(.data)
    timer_2s                                 0x20000014   Data           4  main.o(.data)
    sem_Thread_Manage                        0x20000018   Data           4  main.o(.data)
    sem_Pulse_Process                        0x2000001c   Data           4  main.o(.data)
    sem_GPRS_Uart_Revice                     0x20000020   Data           4  main.o(.data)
    sem_RTC_Timeout                          0x20000024   Data           4  main.o(.data)
    TM_thread                                0x20000028   Data           4  main.o(.data)
    GPRS_CmdProcessing_thread                0x2000002c   Data           4  main.o(.data)
    EVC_HandShakeProcessing_thread           0x20000030   Data           4  main.o(.data)
    EVC_ProcessingOffline_thread             0x20000034   Data           4  main.o(.data)
    Timed_Launch_thread                      0x20000038   Data           4  main.o(.data)
    RTC_TimeOut_thread                       0x2000003c   Data           4  main.o(.data)
    flag_IS_First_PULSE                      0x20000040   Data           1  main.o(.data)
    PULSE_count                              0x20000041   Data           1  main.o(.data)
    ret2                                     0x20000044   Data           4  main.o(.data)
    Voltage_Bat                              0x20000048   Data           4  main.o(.data)
    Voltage_Spc                              0x2000004c   Data           4  main.o(.data)
    External_power                           0x20000050   Data           1  main.o(.data)
    temp                                     0x20000051   Data           7  main.o(.data)
    GPIO_Init_temp                           0x20000058   Data           8  user_init.o(.data)
    RECV_FLAG                                0x20000060   Data           1  uart.o(.data)
    GPRS_rx_index                            0x20000062   Data           2  uart.o(.data)
    GPRS_recv_lenth                          0x20000064   Data           2  uart.o(.data)
    GPRS_tx_index                            0x20000066   Data           1  uart.o(.data)
    GPRS_tx_length                           0x20000067   Data           1  uart.o(.data)
    EVC_rx_index                             0x20000068   Data           2  uart.o(.data)
    EVC_recv_lenth                           0x2000006a   Data           2  uart.o(.data)
    EVC_tx_index                             0x2000006c   Data           1  uart.o(.data)
    EVC_tx_length                            0x2000006d   Data           1  uart.o(.data)
    GPRS_recv_state                          0x2000006e   Data           1  uart.o(.data)
    EVC_byte                                 0x2000006f   Data           1  uart.o(.data)
    sem_EVC_Uart_Revice                      0x20000070   Data           4  uart.o(.data)
    EVC_recv_state                           0x20000074   Data           1  uart.o(.data)
    ADDR_CODE                                0x20000075   Data           1  uart.o(.data)
    GPRS_byte                                0x20000076   Data           1  uart.o(.data)
    Is_connected                             0x20000078   Data           1  ec800.o(.data)
    Is_connecting                            0x20000079   Data           1  ec800.o(.data)
    AT_IS_OverTime                           0x2000007c   Data           4  ec800.o(.data)
    Signal_Strength                          0x20000080   Data           1  ec800.o(.data)
    rt_interrupt_nest                        0x20000088   Data           1  irq.o(.data)
    rt_current_thread                        0x200000e8   Data           4  scheduler.o(.data)
    rt_current_priority                      0x200000ec   Data           1  scheduler.o(.data)
    rt_thread_ready_priority_group           0x200000f0   Data           4  scheduler.o(.data)
    rt_thread_defunct                        0x200000f4   Data           8  scheduler.o(.data)
    rt_interrupt_from_thread                 0x20000110   Data           4  cpuport.o(.data)
    rt_interrupt_to_thread                   0x20000114   Data           4  cpuport.o(.data)
    rt_thread_switch_interrupt_flag          0x20000118   Data           4  cpuport.o(.data)
    SystemCoreClock                          0x2000011c   Data           4  system_fm33a0xxev.o(.data)
    output                                   0x20000120   Data        1024  board.o(.bss)
    GPRS_RX_Buffer                           0x20001520   Data         512  uart.o(.bss)
    GPRS_TX_Buffer                           0x20001720   Data         512  uart.o(.bss)
    EVC_RX_Buffer                            0x20001920   Data         512  uart.o(.bss)
    EVC_TX_Buffer                            0x20001b20   Data         512  uart.o(.bss)
    ICCID                                    0x20001d20   Data          20  ec800.o(.bss)
    rt_thread_priority_table                 0x20001edc   Data         128  scheduler.o(.bss)
    __initial_sp                             0x200029d8   Data           0  startup_fm33a0xxev.o(STACK)



==============================================================================

Memory Map of the image

  Image Entry point : 0x000001b1

  Load Region LR_1 (Base: 0x00000000, Size: 0x00006464, Max: 0xffffffff, ABSOLUTE)

    Execution Region ER_RO (Exec base: 0x00000000, Load base: 0x00000000, Size: 0x00006344, Max: 0xffffffff, ABSOLUTE)

    Exec Addr    Load Addr    Size         Type   Attr      Idx    E Section Name        Object

    0x00000000   0x00000000   0x000000c0   Data   RO        12018    RESET               startup_fm33a0xxev.o
    0x000000c0   0x000000c0   0x00000000   Code   RO        12055  * .ARM.Collect$$$$00000000  mc_p.l(entry.o)
    0x000000c0   0x000000c0   0x00000004   Code   RO        12088    .ARM.Collect$$$$00000001  mc_p.l(entry2.o)
    0x000000c4   0x000000c4   0x00000004   Code   RO        12091    .ARM.Collect$$$$00000004  mc_p.l(entry5.o)
    0x000000c8   0x000000c8   0x00000000   Code   RO        12093    .ARM.Collect$$$$00000008  mc_p.l(entry7b.o)
    0x000000c8   0x000000c8   0x00000000   Code   RO        12095    .ARM.Collect$$$$0000000A  mc_p.l(entry8b.o)
    0x000000c8   0x000000c8   0x00000008   Code   RO        12096    .ARM.Collect$$$$0000000B  mc_p.l(entry9a.o)
    0x000000d0   0x000000d0   0x00000004   Code   RO        12103    .ARM.Collect$$$$0000000E  mc_p.l(entry12b.o)
    0x000000d4   0x000000d4   0x00000000   Code   RO        12098    .ARM.Collect$$$$0000000F  mc_p.l(entry10a.o)
    0x000000d4   0x000000d4   0x00000000   Code   RO        12100    .ARM.Collect$$$$00000011  mc_p.l(entry11a.o)
    0x000000d4   0x000000d4   0x00000004   Code   RO        12089    .ARM.Collect$$$$00002712  mc_p.l(entry2.o)
    0x000000d8   0x000000d8   0x000000d8   Code   RO        11984    .text               context_rvds.o
    0x000001b0   0x000001b0   0x0000001c   Code   RO        12019  * .text               startup_fm33a0xxev.o
    0x000001cc   0x000001cc   0x0000002c   Code   RO        12058    .text               mc_p.l(uidiv.o)
    0x000001f8   0x000001f8   0x00000028   Code   RO        12060    .text               mc_p.l(idiv.o)
    0x00000220   0x00000220   0x00000024   Code   RO        12062    .text               mc_p.l(memcpya.o)
    0x00000244   0x00000244   0x00000024   Code   RO        12064    .text               mc_p.l(memseta.o)
    0x00000268   0x00000268   0x00000028   Code   RO        12066    .text               mc_p.l(strstr.o)
    0x00000290   0x00000290   0x0000007c   Code   RO        12072    .text               mf_p.l(fdiv.o)
    0x0000030c   0x0000030c   0x00000168   Code   RO        12074    .text               mf_p.l(dadd.o)
    0x00000474   0x00000474   0x0000000e   Code   RO        12080    .text               mf_p.l(ffltui.o)
    0x00000482   0x00000482   0x00000002   PAD
    0x00000484   0x00000484   0x0000003c   Code   RO        12082    .text               mf_p.l(dfixui.o)
    0x000004c0   0x000004c0   0x00000028   Code   RO        12084    .text               mf_p.l(f2d.o)
    0x000004e8   0x000004e8   0x00000014   Code   RO        12086    .text               mf_p.l(cfrcmple.o)
    0x000004fc   0x000004fc   0x00000020   Code   RO        12104    .text               mc_p.l(llshl.o)
    0x0000051c   0x0000051c   0x00000022   Code   RO        12106    .text               mc_p.l(llushr.o)
    0x0000053e   0x0000053e   0x00000026   Code   RO        12108    .text               mc_p.l(llsshr.o)
    0x00000564   0x00000564   0x00000000   Code   RO        12110    .text               mc_p.l(iusefp.o)
    0x00000564   0x00000564   0x00000082   Code   RO        12111    .text               mf_p.l(fepilogue.o)
    0x000005e6   0x000005e6   0x000000be   Code   RO        12113    .text               mf_p.l(depilogue.o)
    0x000006a4   0x000006a4   0x00000024   Code   RO        12117    .text               mc_p.l(init.o)
    0x000006c8   0x000006c8   0x0000000a   Code   RO        11064    i.$Sub$$main        components.o
    0x000006d2   0x000006d2   0x00000002   PAD
    0x000006d4   0x000006d4   0x00000024   Code   RO         1117    i.ADC_CFGR_BUFEN_Setable  fm33a0xxev_adc.o
    0x000006f8   0x000006f8   0x0000001c   Code   RO         1119    i.ADC_CFGR_BUFSEL_Set  fm33a0xxev_adc.o
    0x00000714   0x00000714   0x00000024   Code   RO         1125    i.ADC_CR_ADC_IE_Setable  fm33a0xxev_adc.o
    0x00000738   0x00000738   0x00000024   Code   RO         1127    i.ADC_CR_EN_Setable  fm33a0xxev_adc.o
    0x0000075c   0x0000075c   0x00000020   Code   RO         1131    i.ADC_CR_MODE_Set   fm33a0xxev_adc.o
    0x0000077c   0x0000077c   0x0000000c   Code   RO         1134    i.ADC_DR_Read       fm33a0xxev_adc.o
    0x00000788   0x00000788   0x0000003c   Code   RO          811    i.ADC_IO_Init       adc.o
    0x000007c4   0x000007c4   0x00000018   Code   RO         1139    i.ADC_ISR_ADC_IF_Chk  fm33a0xxev_adc.o
    0x000007dc   0x000007dc   0x0000000c   Code   RO         1140    i.ADC_ISR_ADC_IF_Clr  fm33a0xxev_adc.o
    0x000007e8   0x000007e8   0x00000044   Code   RO          812    i.ADC_Init_ExVolt   adc.o
    0x0000082c   0x0000082c   0x00000010   Code   RO         1143    i.ADC_TRIM_Write    fm33a0xxev_adc.o
    0x0000083c   0x0000083c   0x00000020   Code   RO          813    i.ADC_Wait_Finish   adc.o
    0x0000085c   0x0000085c   0x00000038   Code   RO          814    i.ANAC_ADC_VoltageCalc  adc.o
    0x00000894   0x00000894   0x000000a6   Code   RO          365    i.AltFunIO          user_init.o
    0x0000093a   0x0000093a   0x00000050   Code   RO          367    i.AnalogIO          user_init.o
    0x0000098a   0x0000098a   0x00000012   Code   RO         1985    i.BTx_CFGR1_GRP1SEL_Set  fm33a0xxev_bt.o
    0x0000099c   0x0000099c   0x00000018   Code   RO         2013    i.BTx_CR1_CHEN_Setable  fm33a0xxev_bt.o
    0x000009b4   0x000009b4   0x00000018   Code   RO         2017    i.BTx_CR1_EDGESEL_Set  fm33a0xxev_bt.o
    0x000009cc   0x000009cc   0x00000018   Code   RO         2019    i.BTx_CR1_MODE_Set  fm33a0xxev_bt.o
    0x000009e4   0x000009e4   0x00000018   Code   RO         2023    i.BTx_CR2_CNTHSEL_Set  fm33a0xxev_bt.o
    0x000009fc   0x000009fc   0x00000018   Code   RO         2031    i.BTx_CR2_SIG2SEL_Set  fm33a0xxev_bt.o
    0x00000a14   0x00000a14   0x00000018   Code   RO         2035    i.BTx_CR2_STDIR_Setable  fm33a0xxev_bt.o
    0x00000a2c   0x00000a2c   0x00000018   Code   RO         2040    i.BTx_IER_CMPHIE_Setable  fm33a0xxev_bt.o
    0x00000a44   0x00000a44   0x00000018   Code   RO         2044    i.BTx_IER_OVHIE_Setable  fm33a0xxev_bt.o
    0x00000a5c   0x00000a5c   0x00000058   Code   RO         1070    i.BTx_IRQHandler    bt16.o
    0x00000ab4   0x00000ab4   0x00000014   Code   RO         2049    i.BTx_ISR_CMPHIF_Chk  fm33a0xxev_bt.o
    0x00000ac8   0x00000ac8   0x00000006   Code   RO         2050    i.BTx_ISR_CMPHIF_Clr  fm33a0xxev_bt.o
    0x00000ace   0x00000ace   0x00000006   Code   RO         2052    i.BTx_ISR_CMPLIF_Clr  fm33a0xxev_bt.o
    0x00000ad4   0x00000ad4   0x00000018   Code   RO         2059    i.BTx_LOADCR_LHEN_Setable  fm33a0xxev_bt.o
    0x00000aec   0x00000aec   0x00000018   Code   RO         2061    i.BTx_LOADCR_LLEN_Setable  fm33a0xxev_bt.o
    0x00000b04   0x00000b04   0x00000006   Code   RO         2063    i.BTx_LOADH_Write   fm33a0xxev_bt.o
    0x00000b0a   0x00000b0a   0x00000006   Code   RO         2065    i.BTx_LOADL_Write   fm33a0xxev_bt.o
    0x00000b10   0x00000b10   0x00000006   Code   RO         2081    i.BTx_PRES_Write    fm33a0xxev_bt.o
    0x00000b16   0x00000b16   0x00000002   PAD
    0x00000b18   0x00000b18   0x000000fc   Code   RO         1071    i.BtimerInit        bt16.o
    0x00000c14   0x00000c14   0x00000024   Code   RO         1072    i.BtimerStart       bt16.o
    0x00000c38   0x00000c38   0x00000024   Code   RO         1073    i.BtimerStop        bt16.o
    0x00000c5c   0x00000c5c   0x00000018   Code   RO         2587    i.CDIF_CR_INTF_EN_Setable  fm33a0xxev_cdif.o
    0x00000c74   0x00000c74   0x0000011c   Code   RO         2631    i.CMU_GetClocksFreq  fm33a0xxev_cmu.o
    0x00000d90   0x00000d90   0x00000054   Code   RO         2641    i.CMU_Init_RCHF_Trim  fm33a0xxev_cmu.o
    0x00000de4   0x00000de4   0x00000024   Code   RO         2643    i.CMU_OPCCR1_EXTICKE_Setable  fm33a0xxev_cmu.o
    0x00000e08   0x00000e08   0x00000020   Code   RO         2645    i.CMU_OPCCR1_EXTICKSEL_Set  fm33a0xxev_cmu.o
    0x00000e28   0x00000e28   0x00000028   Code   RO         2663    i.CMU_OPCCR1_UART0CKE_Setable  fm33a0xxev_cmu.o
    0x00000e50   0x00000e50   0x0000001c   Code   RO         2665    i.CMU_OPCCR1_UART0CKS_Set  fm33a0xxev_cmu.o
    0x00000e6c   0x00000e6c   0x00000028   Code   RO         2667    i.CMU_OPCCR1_UART1CKE_Setable  fm33a0xxev_cmu.o
    0x00000e94   0x00000e94   0x00000020   Code   RO         2669    i.CMU_OPCCR1_UART1CKS_Set  fm33a0xxev_cmu.o
    0x00000eb4   0x00000eb4   0x00000028   Code   RO         2675    i.CMU_OPCCR2_LPTCKE_Setable  fm33a0xxev_cmu.o
    0x00000edc   0x00000edc   0x00000020   Code   RO         2677    i.CMU_OPCCR2_LPTCKS_Set  fm33a0xxev_cmu.o
    0x00000efc   0x00000efc   0x00000068   Code   RO         2684    i.CMU_PERCLK_SetableEx  fm33a0xxev_cmu.o
    0x00000f64   0x00000f64   0x00000018   Code   RO         2685    i.CMU_PLLHCR_EN_Getable  fm33a0xxev_cmu.o
    0x00000f7c   0x00000f7c   0x00000010   Code   RO         2690    i.CMU_PLLHCR_OSEL_Get  fm33a0xxev_cmu.o
    0x00000f8c   0x00000f8c   0x00000014   Code   RO         2692    i.CMU_PLLHCR_PLLHDB_Get  fm33a0xxev_cmu.o
    0x00000fa0   0x00000fa0   0x00000010   Code   RO         2702    i.CMU_RCHFCR_FSEL_Get  fm33a0xxev_cmu.o
    0x00000fb0   0x00000fb0   0x00000020   Code   RO         2703    i.CMU_RCHFCR_FSEL_Set  fm33a0xxev_cmu.o
    0x00000fd0   0x00000fd0   0x00000018   Code   RO         2704    i.CMU_RCHFCR_RCHFEN_Getable  fm33a0xxev_cmu.o
    0x00000fe8   0x00000fe8   0x00000024   Code   RO         2705    i.CMU_RCHFCR_RCHFEN_Setable  fm33a0xxev_cmu.o
    0x0000100c   0x0000100c   0x00000018   Code   RO         2707    i.CMU_RCHFTR_RCHFTRIM_Set  fm33a0xxev_cmu.o
    0x00001024   0x00001024   0x00000012   Code   RO         2708    i.CMU_RCHF_Init     fm33a0xxev_cmu.o
    0x00001036   0x00001036   0x00000002   PAD
    0x00001038   0x00001038   0x00000010   Code   RO         2709    i.CMU_SYSCLKCR_AHBPRES_Get  fm33a0xxev_cmu.o
    0x00001048   0x00001048   0x00000020   Code   RO         2710    i.CMU_SYSCLKCR_AHBPRES_Set  fm33a0xxev_cmu.o
    0x00001068   0x00001068   0x00000010   Code   RO         2711    i.CMU_SYSCLKCR_APBPRES_Get  fm33a0xxev_cmu.o
    0x00001078   0x00001078   0x00000020   Code   RO         2712    i.CMU_SYSCLKCR_APBPRES_Set  fm33a0xxev_cmu.o
    0x00001098   0x00001098   0x00000028   Code   RO         2714    i.CMU_SYSCLKCR_SLP_ENEXTI_Setable  fm33a0xxev_cmu.o
    0x000010c0   0x000010c0   0x00000010   Code   RO         2717    i.CMU_SYSCLKCR_SYSCLKSEL_Get  fm33a0xxev_cmu.o
    0x000010d0   0x000010d0   0x0000001c   Code   RO         2718    i.CMU_SYSCLKCR_SYSCLKSEL_Set  fm33a0xxev_cmu.o
    0x000010ec   0x000010ec   0x0000001e   Code   RO         2719    i.CMU_SysClk_Init   fm33a0xxev_cmu.o
    0x0000110a   0x0000110a   0x00000002   PAD
    0x0000110c   0x0000110c   0x0000054c   Code   RO         1024    i.Connect           ec800.o
    0x00001658   0x00001658   0x0000000a   Code   RO          373    i.DEBUG_Init        user_init.o
    0x00001662   0x00001662   0x00000056   Code   RO          781    i.DeepSleep         sleep.o
    0x000016b8   0x000016b8   0x000000a4   Code   RO         1025    i.Disconnect        ec800.o
    0x0000175c   0x0000175c   0x000000b0   Code   RO            4    i.EVC_HandShakeProcessing_thread_entry  main.o
    0x0000180c   0x0000180c   0x0000007c   Code   RO            8    i.EVC_Read_RealTimeDate  main.o
    0x00001888   0x00001888   0x000000c4   Code   RO            9    i.EVC_Read_UserDate2  main.o
    0x0000194c   0x0000194c   0x0000004c   Code   RO           10    i.EVC_SetInterval   main.o
    0x00001998   0x00001998   0x00000078   Code   RO           11    i.EVC_TimeCalibration  main.o
    0x00001a10   0x00001a10   0x0000009c   Code   RO          374    i.EXTI_Init         user_init.o
    0x00001aac   0x00001aac   0x0000001c   Code   RO         4745    i.FLS_RDCR_WAIT_Set  fm33a0xxev_flash.o
    0x00001ac8   0x00001ac8   0x000000e0   Code   RO          858    i.Flash_Spi1_Init   spi.o
    0x00001ba8   0x00001ba8   0x000000fc   Code   RO         5001    i.GPIO_EXTI_EXTIDF_Setable  fm33a0xxev_gpio.o
    0x00001ca4   0x00001ca4   0x000000f4   Code   RO         5003    i.GPIO_EXTI_EXTIISR_ChkEx  fm33a0xxev_gpio.o
    0x00001d98   0x00001d98   0x000000ec   Code   RO         5004    i.GPIO_EXTI_EXTIISR_ClrEx  fm33a0xxev_gpio.o
    0x00001e84   0x00001e84   0x00000058   Code   RO         5005    i.GPIO_EXTI_Init    fm33a0xxev_gpio.o
    0x00001edc   0x00001edc   0x0000010c   Code   RO         5006    i.GPIO_EXTI_Select_Edge  fm33a0xxev_gpio.o
    0x00001fe8   0x00001fe8   0x00000134   Code   RO         5007    i.GPIO_EXTI_Select_Pin  fm33a0xxev_gpio.o
    0x0000211c   0x0000211c   0x00000094   Code   RO         5012    i.GPIO_Get_InitPara  fm33a0xxev_gpio.o
    0x000021b0   0x000021b0   0x00000080   Code   RO           12    i.GPIO_IRQHandler   main.o
    0x00002230   0x00002230   0x00000072   Code   RO         5017    i.GPIO_Init         fm33a0xxev_gpio.o
    0x000022a2   0x000022a2   0x00000014   Code   RO         5025    i.GPIO_ReadInputDataBit  fm33a0xxev_gpio.o
    0x000022b6   0x000022b6   0x00000004   Code   RO         5028    i.GPIO_ResetBits    fm33a0xxev_gpio.o
    0x000022ba   0x000022ba   0x00000004   Code   RO         5029    i.GPIO_SetBits      fm33a0xxev_gpio.o
    0x000022be   0x000022be   0x0000001c   Code   RO         5032    i.GPIOx_ANEN_Setable  fm33a0xxev_gpio.o
    0x000022da   0x000022da   0x0000001c   Code   RO         5034    i.GPIOx_DFS_Setable  fm33a0xxev_gpio.o
    0x000022f6   0x000022f6   0x00000002   PAD
    0x000022f8   0x000022f8   0x00000040   Code   RO           13    i.GPRS_CRC          main.o
    0x00002338   0x00002338   0x00000370   Code   RO           14    i.GPRS_CmdProcessing_thread_entry  main.o
    0x000026a8   0x000026a8   0x000000f0   Code   RO          375    i.IO_Init           user_init.o
    0x00002798   0x00002798   0x00000010   Code   RO          376    i.IWDT_Clr          user_init.o
    0x000027a8   0x000027a8   0x00000020   Code   RO          377    i.IWDT_Init         user_init.o
    0x000027c8   0x000027c8   0x0000001a   Code   RO          378    i.Init_RCHF         user_init.o
    0x000027e2   0x000027e2   0x00000002   PAD
    0x000027e4   0x000027e4   0x00000024   Code   RO          379    i.Init_RCLP         user_init.o
    0x00002808   0x00002808   0x00000018   Code   RO          380    i.Init_SysClk       user_init.o
    0x00002820   0x00002820   0x00000016   Code   RO          381    i.Init_SysClk_Gen   user_init.o
    0x00002836   0x00002836   0x00000002   PAD
    0x00002838   0x00002838   0x00000048   Code   RO          382    i.Init_SysTick      user_init.o
    0x00002880   0x00002880   0x0000008c   Code   RO          383    i.Init_System       user_init.o
    0x0000290c   0x0000290c   0x00000074   Code   RO          384    i.InputtIO          user_init.o
    0x00002980   0x00002980   0x0000000c   Code   RO         6530    i.LPTIM_ARR_Write   fm33a0xxev_lptim.o
    0x0000298c   0x0000298c   0x00000020   Code   RO         6574    i.LPTIM_CFGR_DIVSEL_Set  fm33a0xxev_lptim.o
    0x000029ac   0x000029ac   0x00000028   Code   RO         6578    i.LPTIM_CFGR_ETR_AFEN_Setable  fm33a0xxev_lptim.o
    0x000029d4   0x000029d4   0x00000020   Code   RO         6580    i.LPTIM_CFGR_ONST_Set  fm33a0xxev_lptim.o
    0x000029f4   0x000029f4   0x00000020   Code   RO         6582    i.LPTIM_CFGR_PSCSEL_Set  fm33a0xxev_lptim.o
    0x00002a14   0x00002a14   0x0000001c   Code   RO         6584    i.LPTIM_CFGR_TMODE_Set  fm33a0xxev_lptim.o
    0x00002a30   0x00002a30   0x00000024   Code   RO         6589    i.LPTIM_CR_EN_Setable  fm33a0xxev_lptim.o
    0x00002a54   0x00002a54   0x00000024   Code   RO         6600    i.LPTIM_IER_OVIE_Setable  fm33a0xxev_lptim.o
    0x00002a78   0x00002a78   0x00000014   Code   RO           16    i.LPTIM_IRQHandler  main.o
    0x00002a8c   0x00002a8c   0x00000018   Code   RO         6627    i.LPTIM_ISR_OVIF_Chk  fm33a0xxev_lptim.o
    0x00002aa4   0x00002aa4   0x0000000c   Code   RO         6628    i.LPTIM_ISR_OVIF_Clr  fm33a0xxev_lptim.o
    0x00002ab0   0x00002ab0   0x00000068   Code   RO          387    i.LowPower_IO_Init  user_init.o
    0x00002b18   0x00002b18   0x00000020   Code   RO         7410    i.PMU_CR_CVS_Set    fm33a0xxev_pmu.o
    0x00002b38   0x00002b38   0x0000001c   Code   RO         7414    i.PMU_CR_PMOD_Set   fm33a0xxev_pmu.o
    0x00002b54   0x00002b54   0x00000020   Code   RO         7416    i.PMU_CR_SLPDP_Set  fm33a0xxev_pmu.o
    0x00002b74   0x00002b74   0x00000034   Code   RO         7428    i.PMU_SleepCfg_Init  fm33a0xxev_pmu.o
    0x00002ba8   0x00002ba8   0x0000001c   Code   RO         7449    i.PMU_WKTR_T1A_Set  fm33a0xxev_pmu.o
    0x00002bc4   0x00002bc4   0x00000020   Code   RO         8124    i.RMU_BORCR_BOR_PDRCFG_Set  fm33a0xxev_rmu.o
    0x00002be4   0x00002be4   0x00000024   Code   RO         8126    i.RMU_BORCR_OFF_BOR_Setable  fm33a0xxev_rmu.o
    0x00002c08   0x00002c08   0x00000020   Code   RO         8129    i.RMU_PDRCR_PDRCFG_Set  fm33a0xxev_rmu.o
    0x00002c28   0x00002c28   0x00000024   Code   RO         8131    i.RMU_PDRCR_PDREN_Setable  fm33a0xxev_rmu.o
    0x00002c4c   0x00002c4c   0x00000020   Code   RO        10402    i.RTC_ALARM_ALARMHOUR_Set  fm33a0xxev_rtc.o
    0x00002c6c   0x00002c6c   0x00000020   Code   RO        10404    i.RTC_ALARM_ALARMMIN_Set  fm33a0xxev_rtc.o
    0x00002c8c   0x00002c8c   0x0000001c   Code   RO        10406    i.RTC_ALARM_ALARMSEC_Set  fm33a0xxev_rtc.o
    0x00002ca8   0x00002ca8   0x00000024   Code   RO        10408    i.RTC_ALARM_ALMEN_Setable  fm33a0xxev_rtc.o
    0x00002ccc   0x00002ccc   0x0000002c   Code   RO          922    i.RTC_Alarm         rtc.o
    0x00002cf8   0x00002cf8   0x0000001c   Code   RO        10409    i.RTC_AlarmTime_SetEx  fm33a0xxev_rtc.o
    0x00002d14   0x00002d14   0x00000010   Code   RO        10410    i.RTC_BCDDATE_Read  fm33a0xxev_rtc.o
    0x00002d24   0x00002d24   0x00000010   Code   RO        10411    i.RTC_BCDDATE_Write  fm33a0xxev_rtc.o
    0x00002d34   0x00002d34   0x00000010   Code   RO        10412    i.RTC_BCDHOUR_Read  fm33a0xxev_rtc.o
    0x00002d44   0x00002d44   0x00000010   Code   RO        10413    i.RTC_BCDHOUR_Write  fm33a0xxev_rtc.o
    0x00002d54   0x00002d54   0x00000010   Code   RO        10414    i.RTC_BCDMIN_Read   fm33a0xxev_rtc.o
    0x00002d64   0x00002d64   0x00000010   Code   RO        10415    i.RTC_BCDMIN_Write  fm33a0xxev_rtc.o
    0x00002d74   0x00002d74   0x00000010   Code   RO        10416    i.RTC_BCDMONTH_Read  fm33a0xxev_rtc.o
    0x00002d84   0x00002d84   0x00000010   Code   RO        10417    i.RTC_BCDMONTH_Write  fm33a0xxev_rtc.o
    0x00002d94   0x00002d94   0x00000010   Code   RO        10418    i.RTC_BCDSEC_Read   fm33a0xxev_rtc.o
    0x00002da4   0x00002da4   0x00000010   Code   RO        10419    i.RTC_BCDSEC_Write  fm33a0xxev_rtc.o
    0x00002db4   0x00002db4   0x00000010   Code   RO        10420    i.RTC_BCDWEEK_Read  fm33a0xxev_rtc.o
    0x00002dc4   0x00002dc4   0x00000010   Code   RO        10421    i.RTC_BCDWEEK_Write  fm33a0xxev_rtc.o
    0x00002dd4   0x00002dd4   0x0000000c   Code   RO        10422    i.RTC_BCDYEAR_Read  fm33a0xxev_rtc.o
    0x00002de0   0x00002de0   0x0000000c   Code   RO        10423    i.RTC_BCDYEAR_Write  fm33a0xxev_rtc.o
    0x00002dec   0x00002dec   0x00000024   Code   RO        10427    i.RTC_CR_RTC_EN_Setable  fm33a0xxev_rtc.o
    0x00002e10   0x00002e10   0x00000056   Code   RO          923    i.RTC_GetRTC        rtc.o
    0x00002e66   0x00002e66   0x00000002   PAD
    0x00002e68   0x00002e68   0x00000028   Code   RO        10448    i.RTC_IER_ALARM_IE_Setable  fm33a0xxev_rtc.o
    0x00002e90   0x00002e90   0x00000024   Code   RO        10456    i.RTC_IER_SEC_IE_Setable  fm33a0xxev_rtc.o
    0x00002eb4   0x00002eb4   0x00000034   Code   RO           17    i.RTC_IRQHandler    main.o
    0x00002ee8   0x00002ee8   0x0000001c   Code   RO        10473    i.RTC_ISR_ALARM_IF_Chk  fm33a0xxev_rtc.o
    0x00002f04   0x00002f04   0x00000010   Code   RO        10474    i.RTC_ISR_ALARM_IF_Clr  fm33a0xxev_rtc.o
    0x00002f14   0x00002f14   0x00000018   Code   RO        10481    i.RTC_ISR_SEC_IF_Chk  fm33a0xxev_rtc.o
    0x00002f2c   0x00002f2c   0x0000000c   Code   RO        10482    i.RTC_ISR_SEC_IF_Clr  fm33a0xxev_rtc.o
    0x00002f38   0x00002f38   0x00000068   Code   RO          924    i.RTC_Init          rtc.o
    0x00002fa0   0x00002fa0   0x00000060   Code   RO          925    i.RTC_SetRTC        rtc.o
    0x00003000   0x00003000   0x00000030   Code   RO        10492    i.RTC_TimeDate_GetEx  fm33a0xxev_rtc.o
    0x00003030   0x00003030   0x00000030   Code   RO        10493    i.RTC_TimeDate_SetEx  fm33a0xxev_rtc.o
    0x00003060   0x00003060   0x00000044   Code   RO           18    i.RTC_TimeOut_thread_entry  main.o
    0x000030a4   0x000030a4   0x00000024   Code   RO        10495    i.RTC_VCAL_PR1SEN_Setable  fm33a0xxev_rtc.o
    0x000030c8   0x000030c8   0x0000000c   Code   RO        10498    i.RTC_WER_Write     fm33a0xxev_rtc.o
    0x000030d4   0x000030d4   0x00000038   Code   RO         1026    i.Restart           ec800.o
    0x0000310c   0x0000310c   0x00000018   Code   RO         8729    i.SPIx_CR1_BAUD_Set  fm33a0xxev_spi.o
    0x00003124   0x00003124   0x00000012   Code   RO         8731    i.SPIx_CR1_CPHA_Set  fm33a0xxev_spi.o
    0x00003136   0x00003136   0x00000018   Code   RO         8733    i.SPIx_CR1_CPHOL_Set  fm33a0xxev_spi.o
    0x0000314e   0x0000314e   0x0000001a   Code   RO         8735    i.SPIx_CR1_IOSWAP_Set  fm33a0xxev_spi.o
    0x00003168   0x00003168   0x00000018   Code   RO         8737    i.SPIx_CR1_LSBF_Set  fm33a0xxev_spi.o
    0x00003180   0x00003180   0x0000001a   Code   RO         8739    i.SPIx_CR1_MM_Set   fm33a0xxev_spi.o
    0x0000319a   0x0000319a   0x00000018   Code   RO         8745    i.SPIx_CR1_WAIT_Set  fm33a0xxev_spi.o
    0x000031b2   0x000031b2   0x0000001a   Code   RO         8749    i.SPIx_CR2_DLEN_Set  fm33a0xxev_spi.o
    0x000031cc   0x000031cc   0x0000001a   Code   RO         8753    i.SPIx_CR2_HALFDUPLEX_Set  fm33a0xxev_spi.o
    0x000031e6   0x000031e6   0x0000001a   Code   RO         8757    i.SPIx_CR2_RXO_Setable  fm33a0xxev_spi.o
    0x00003200   0x00003200   0x00000018   Code   RO         8759    i.SPIx_CR2_SPIEN_Setable  fm33a0xxev_spi.o
    0x00003218   0x00003218   0x00000018   Code   RO         8761    i.SPIx_CR2_SSNM_Set  fm33a0xxev_spi.o
    0x00003230   0x00003230   0x00000018   Code   RO         8763    i.SPIx_CR2_SSNSEN_Setable  fm33a0xxev_spi.o
    0x00003248   0x00003248   0x00000018   Code   RO         8765    i.SPIx_CR2_SSN_Set  fm33a0xxev_spi.o
    0x00003260   0x00003260   0x00000018   Code   RO         8767    i.SPIx_CR2_TXO_AC_Setable  fm33a0xxev_spi.o
    0x00003278   0x00003278   0x00000018   Code   RO         8769    i.SPIx_CR2_TXO_Setable  fm33a0xxev_spi.o
    0x00003290   0x00003290   0x00000006   Code   RO         8770    i.SPIx_CR3_MERRC_Clr  fm33a0xxev_spi.o
    0x00003296   0x00003296   0x00000006   Code   RO         8771    i.SPIx_CR3_RXBFC_Clr  fm33a0xxev_spi.o
    0x0000329c   0x0000329c   0x00000006   Code   RO         8772    i.SPIx_CR3_SERRC_Clr  fm33a0xxev_spi.o
    0x000032a2   0x000032a2   0x00000006   Code   RO         8773    i.SPIx_CR3_TXBFC_Clr  fm33a0xxev_spi.o
    0x000032a8   0x000032a8   0x000002b0   Code   RO         1027    i.Send_AT_Command   ec800.o
    0x00003558   0x00003558   0x000000fc   Code   RO           20    i.Set_Latest_Alarm  main.o
    0x00003654   0x00003654   0x00000010   Code   RO          562    i.SysTick_Handler   board.o
    0x00003664   0x00003664   0x00000010   Code   RO        12025    i.SystemCoreClockUpdate  system_fm33a0xxev.o
    0x00003674   0x00003674   0x00000010   Code   RO        12026    i.SystemInit        system_fm33a0xxev.o
    0x00003684   0x00003684   0x0000009c   Code   RO           21    i.TM_thread_entry   main.o
    0x00003720   0x00003720   0x0000006e   Code   RO          815    i.Test_ADC_ExVolt   adc.o
    0x0000378e   0x0000378e   0x00000002   PAD
    0x00003790   0x00003790   0x00000028   Code   RO          390    i.TicksDelay        user_init.o
    0x000037b8   0x000037b8   0x00000028   Code   RO          391    i.TicksDelayMs      user_init.o
    0x000037e0   0x000037e0   0x0000001c   Code   RO          392    i.TicksDelayUs      user_init.o
    0x000037fc   0x000037fc   0x00000208   Code   RO          645    i.UART4_IRQHandler  uart.o
    0x00003a04   0x00003a04   0x00000048   Code   RO          646    i.UART4_Send        uart.o
    0x00003a4c   0x00003a4c   0x0000018c   Code   RO          647    i.UART5_IRQHandler  uart.o
    0x00003bd8   0x00003bd8   0x00000048   Code   RO          648    i.UART5_Send        uart.o
    0x00003c20   0x00003c20   0x00000064   Code   RO         9739    i.UART_BaudREGCalc  fm33a0xxev_uart.o
    0x00003c84   0x00003c84   0x00000078   Code   RO         9742    i.UART_Init         fm33a0xxev_uart.o
    0x00003cfc   0x00003cfc   0x00000210   Code   RO         9743    i.UART_SInit        fm33a0xxev_uart.o
    0x00003f0c   0x00003f0c   0x00000006   Code   RO         9745    i.UARTx_BGR_Write   fm33a0xxev_uart.o
    0x00003f12   0x00003f12   0x00000018   Code   RO         9754    i.UARTx_CSR_PARITY_Set  fm33a0xxev_uart.o
    0x00003f2a   0x00003f2a   0x00000018   Code   RO         9756    i.UARTx_CSR_PDSEL_Set  fm33a0xxev_uart.o
    0x00003f42   0x00003f42   0x00000018   Code   RO         9758    i.UARTx_CSR_RXEN_Setable  fm33a0xxev_uart.o
    0x00003f5a   0x00003f5a   0x00000018   Code   RO         9760    i.UARTx_CSR_RXPOL_Setable  fm33a0xxev_uart.o
    0x00003f72   0x00003f72   0x0000001a   Code   RO         9764    i.UARTx_CSR_STOPCFG_Set  fm33a0xxev_uart.o
    0x00003f8c   0x00003f8c   0x00000018   Code   RO         9766    i.UARTx_CSR_TXEN_Setable  fm33a0xxev_uart.o
    0x00003fa4   0x00003fa4   0x0000001a   Code   RO         9768    i.UARTx_CSR_TXIREN_Setable  fm33a0xxev_uart.o
    0x00003fbe   0x00003fbe   0x00000018   Code   RO         9770    i.UARTx_CSR_TXPOL_Setable  fm33a0xxev_uart.o
    0x00003fd6   0x00003fd6   0x00000016   Code   RO         9772    i.UARTx_IER_RXBF_IE_Getable  fm33a0xxev_uart.o
    0x00003fec   0x00003fec   0x0000001a   Code   RO         9773    i.UARTx_IER_RXBF_IE_Setable  fm33a0xxev_uart.o
    0x00004006   0x00004006   0x0000001a   Code   RO         9775    i.UARTx_IER_RXERR_IE_Setable  fm33a0xxev_uart.o
    0x00004020   0x00004020   0x0000001a   Code   RO         9777    i.UARTx_IER_RXTO_IE_Setable  fm33a0xxev_uart.o
    0x0000403a   0x0000403a   0x00000018   Code   RO         9779    i.UARTx_IER_TXBE_IE_Setable  fm33a0xxev_uart.o
    0x00004052   0x00004052   0x00000014   Code   RO         9780    i.UARTx_IER_TXSE_IE_Getable  fm33a0xxev_uart.o
    0x00004066   0x00004066   0x00000018   Code   RO         9781    i.UARTx_IER_TXSE_IE_Setable  fm33a0xxev_uart.o
    0x0000407e   0x0000407e   0x00000016   Code   RO         9788    i.UARTx_ISR_RXBF_Chk  fm33a0xxev_uart.o
    0x00004094   0x00004094   0x00000008   Code   RO         9789    i.UARTx_ISR_RXBF_Clr  fm33a0xxev_uart.o
    0x0000409c   0x0000409c   0x00000014   Code   RO         9793    i.UARTx_ISR_TXSE_Chk  fm33a0xxev_uart.o
    0x000040b0   0x000040b0   0x00000006   Code   RO         9794    i.UARTx_ISR_TXSE_Clr  fm33a0xxev_uart.o
    0x000040b6   0x000040b6   0x0000000a   Code   RO         9795    i.UARTx_RXBUF_Read  fm33a0xxev_uart.o
    0x000040c0   0x000040c0   0x00000008   Code   RO         9801    i.UARTx_TXBUF_Write  fm33a0xxev_uart.o
    0x000040c8   0x000040c8   0x00000016   Code   RO          649    i.Uartx_Enable      uart.o
    0x000040de   0x000040de   0x00000002   PAD
    0x000040e0   0x000040e0   0x00000198   Code   RO          650    i.Uartx_Init        uart.o
    0x00004278   0x00004278   0x00000024   Code   RO        10165    i.VRTC_ADCCR_CKE_Setable  fm33a0xxev_vrtc.o
    0x0000429c   0x0000429c   0x00000020   Code   RO        10167    i.VRTC_ADCCR_CKS_Set  fm33a0xxev_vrtc.o
    0x000042bc   0x000042bc   0x00000024   Code   RO        10170    i.VRTC_Init_RCMF_Trim  fm33a0xxev_vrtc.o
    0x000042e0   0x000042e0   0x00000024   Code   RO        10183    i.VRTC_RCMFCR_EN_Setable  fm33a0xxev_vrtc.o
    0x00004304   0x00004304   0x0000001c   Code   RO        10185    i.VRTC_RCMFCR_TRIM_Set  fm33a0xxev_vrtc.o
    0x00004320   0x00004320   0x00000048   Code   RO           22    i.Voltage_Read      main.o
    0x00004368   0x00004368   0x0000002e   Code   RO        12115    i.__ARM_clz         mf_p.l(depilogue.o)
    0x00004396   0x00004396   0x0000001c   Code   RO          709    i.__ARM_common_switch8  uart.o
    0x000043b2   0x000043b2   0x00000002   PAD
    0x000043b4   0x000043b4   0x00000020   Code   RO          651    i.__NVIC_DisableIRQ  uart.o
    0x000043d4   0x000043d4   0x00000020   Code   RO          652    i.__NVIC_EnableIRQ  uart.o
    0x000043f4   0x000043f4   0x00000078   Code   RO          393    i.__NVIC_SetPriority  user_init.o
    0x0000446c   0x0000446c   0x00000078   Code   RO          564    i.__NVIC_SetPriority  board.o
    0x000044e4   0x000044e4   0x00000078   Code   RO          653    i.__NVIC_SetPriority  uart.o
    0x0000455c   0x0000455c   0x00000078   Code   RO          723    i.__NVIC_SetPriority  lptimer32.o
    0x000045d4   0x000045d4   0x00000078   Code   RO          926    i.__NVIC_SetPriority  rtc.o
    0x0000464c   0x0000464c   0x00000078   Code   RO         1074    i.__NVIC_SetPriority  bt16.o
    0x000046c4   0x000046c4   0x0000005c   Code   RO        11358    i.__rt_ffs          kservice.o
    0x00004720   0x00004720   0x0000000e   Code   RO        12121    i.__scatterload_copy  mc_p.l(handlers.o)
    0x0000472e   0x0000472e   0x00000002   Code   RO        12122    i.__scatterload_null  mc_p.l(handlers.o)
    0x00004730   0x00004730   0x0000000e   Code   RO        12123    i.__scatterload_zeroinit  mc_p.l(handlers.o)
    0x0000473e   0x0000473e   0x00000002   PAD
    0x00004740   0x00004740   0x00000014   Code   RO        11139    i._has_defunct_thread  idle.o
    0x00004754   0x00004754   0x00000088   Code   RO        11744    i._rt_thread_init   thread.o
    0x000047dc   0x000047dc   0x0000003c   Code   RO        11865    i._rt_timer_init    timer.o
    0x00004818   0x00004818   0x0000002e   Code   RO        11866    i._rt_timer_remove  timer.o
    0x00004846   0x00004846   0x00000002   PAD
    0x00004848   0x00004848   0x00000098   Code   RO          724    i.fm33xx_hw_lptimer_init  lptimer32.o
    0x000048e0   0x000048e0   0x0000024c   Code   RO           24    i.main              main.o
    0x00004b2c   0x00004b2c   0x0000000e   Code   RO        11065    i.main_thread_entry  components.o
    0x00004b3a   0x00004b3a   0x00000002   PAD
    0x00004b3c   0x00004b3c   0x00000040   Code   RO           25    i.modbus_crc16      main.o
    0x00004b7c   0x00004b7c   0x00000002   Code   RO          565    i.nothing           board.o
    0x00004b7e   0x00004b7e   0x00000002   PAD
    0x00004b80   0x00004b80   0x0000007c   Code   RO        11534    i.plug_holes        mem.o
    0x00004bfc   0x00004bfc   0x00000030   Code   RO        11066    i.rt_application_init  components.o
    0x00004c2c   0x00004c2c   0x0000004c   Code   RO        11067    i.rt_components_board_init  components.o
    0x00004c78   0x00004c78   0x00000070   Code   RO        11068    i.rt_components_init  components.o
    0x00004ce8   0x00004ce8   0x00000020   Code   RO        11672    i.rt_enter_critical  scheduler.o
    0x00004d08   0x00004d08   0x00000048   Code   RO        11673    i.rt_exit_critical  scheduler.o
    0x00004d50   0x00004d50   0x000000e8   Code   RO        11536    i.rt_free           mem.o
    0x00004e38   0x00004e38   0x00000008   Code   RO          566    i.rt_heap_begin_get  board.o
    0x00004e40   0x00004e40   0x00000008   Code   RO          567    i.rt_heap_end_get   board.o
    0x00004e48   0x00004e48   0x00000070   Code   RO          568    i.rt_hw_board_init  board.o
    0x00004eb8   0x00004eb8   0x000000f0   Code   RO        11989    i.rt_hw_hard_fault_exception  cpuport.o
    0x00004fa8   0x00004fa8   0x00000040   Code   RO        11990    i.rt_hw_stack_init  cpuport.o
    0x00004fe8   0x00004fe8   0x00000020   Code   RO        11331    i.rt_interrupt_enter  irq.o
    0x00005008   0x00005008   0x00000020   Code   RO        11333    i.rt_interrupt_leave  irq.o
    0x00005028   0x00005028   0x00000014   Code   RO        11191    i.rt_ipc_list_resume  ipc.o
    0x0000503c   0x0000503c   0x00000062   Code   RO        11193    i.rt_ipc_list_suspend  ipc.o
    0x0000509e   0x0000509e   0x00000010   Code   RO        11194    i.rt_ipc_object_init  ipc.o
    0x000050ae   0x000050ae   0x00000002   Code   RO        11364    i.rt_kprintf        kservice.o
    0x000050b0   0x000050b0   0x00000006   Code   RO        11195    i.rt_list_init      ipc.o
    0x000050b6   0x000050b6   0x00000006   Code   RO        11674    i.rt_list_init      scheduler.o
    0x000050bc   0x000050bc   0x00000006   Code   RO        11867    i.rt_list_init      timer.o
    0x000050c2   0x000050c2   0x0000000e   Code   RO        11596    i.rt_list_insert_after  object.o
    0x000050d0   0x000050d0   0x0000000e   Code   RO        11745    i.rt_list_insert_after  thread.o
    0x000050de   0x000050de   0x0000000e   Code   RO        11868    i.rt_list_insert_after  timer.o
    0x000050ec   0x000050ec   0x0000000e   Code   RO        11196    i.rt_list_insert_before  ipc.o
    0x000050fa   0x000050fa   0x00000010   Code   RO        11197    i.rt_list_isempty   ipc.o
    0x0000510a   0x0000510a   0x00000010   Code   RO        11869    i.rt_list_isempty   timer.o
    0x0000511a   0x0000511a   0x00000012   Code   RO        11597    i.rt_list_remove    object.o
    0x0000512c   0x0000512c   0x00000012   Code   RO        11746    i.rt_list_remove    thread.o
    0x0000513e   0x0000513e   0x00000002   PAD
    0x00005140   0x00005140   0x0000016c   Code   RO        11537    i.rt_malloc         mem.o
    0x000052ac   0x000052ac   0x0000004c   Code   RO        11370    i.rt_memset         kservice.o
    0x000052f8   0x000052f8   0x00000050   Code   RO        11598    i.rt_object_allocate  object.o
    0x00005348   0x00005348   0x00000024   Code   RO        11599    i.rt_object_delete  object.o
    0x0000536c   0x0000536c   0x0000001e   Code   RO        11600    i.rt_object_detach  object.o
    0x0000538a   0x0000538a   0x00000002   PAD
    0x0000538c   0x0000538c   0x00000024   Code   RO        11602    i.rt_object_get_information  object.o
    0x000053b0   0x000053b0   0x00000056   Code   RO        11604    i.rt_object_init    object.o
    0x00005406   0x00005406   0x00000014   Code   RO        11605    i.rt_object_is_systemobject  object.o
    0x0000541a   0x0000541a   0x00000002   PAD
    0x0000541c   0x0000541c   0x00000084   Code   RO        11675    i.rt_schedule       scheduler.o
    0x000054a0   0x000054a0   0x00000054   Code   RO        11676    i.rt_schedule_insert_thread  scheduler.o
    0x000054f4   0x000054f4   0x00000058   Code   RO        11677    i.rt_schedule_remove_thread  scheduler.o
    0x0000554c   0x0000554c   0x00000028   Code   RO        11207    i.rt_sem_create     ipc.o
    0x00005574   0x00005574   0x00000022   Code   RO        11210    i.rt_sem_init       ipc.o
    0x00005596   0x00005596   0x0000003c   Code   RO        11211    i.rt_sem_release    ipc.o
    0x000055d2   0x000055d2   0x00000078   Code   RO        11212    i.rt_sem_take       ipc.o
    0x0000564a   0x0000564a   0x00000002   PAD
    0x0000564c   0x0000564c   0x000000b0   Code   RO        11372    i.rt_show_version   kservice.o
    0x000056fc   0x000056fc   0x00000084   Code   RO        11870    i.rt_soft_timer_check  timer.o
    0x00005780   0x00005780   0x00000038   Code   RO        11380    i.rt_strncpy        kservice.o
    0x000057b8   0x000057b8   0x000000f4   Code   RO        11540    i.rt_system_heap_init  mem.o
    0x000058ac   0x000058ac   0x0000004c   Code   RO        11678    i.rt_system_scheduler_init  scheduler.o
    0x000058f8   0x000058f8   0x00000030   Code   RO        11679    i.rt_system_scheduler_start  scheduler.o
    0x00005928   0x00005928   0x0000001c   Code   RO        11871    i.rt_system_timer_init  timer.o
    0x00005944   0x00005944   0x00000054   Code   RO        11872    i.rt_system_timer_thread_init  timer.o
    0x00005998   0x00005998   0x00000050   Code   RO        11748    i.rt_thread_create  thread.o
    0x000059e8   0x000059e8   0x0000000c   Code   RO        11749    i.rt_thread_delay   thread.o
    0x000059f4   0x000059f4   0x00000058   Code   RO        11752    i.rt_thread_exit    thread.o
    0x00005a4c   0x00005a4c   0x0000002c   Code   RO        11141    i.rt_thread_idle_entry  idle.o
    0x00005a78   0x00005a78   0x00000090   Code   RO        11142    i.rt_thread_idle_excute  idle.o
    0x00005b08   0x00005b08   0x0000003c   Code   RO        11144    i.rt_thread_idle_init  idle.o
    0x00005b44   0x00005b44   0x0000003c   Code   RO        11145    i.rt_thread_idle_sethook  idle.o
    0x00005b80   0x00005b80   0x0000002c   Code   RO        11754    i.rt_thread_init    thread.o
    0x00005bac   0x00005bac   0x00000014   Code   RO        11755    i.rt_thread_mdelay  thread.o
    0x00005bc0   0x00005bc0   0x0000003c   Code   RO        11756    i.rt_thread_resume  thread.o
    0x00005bfc   0x00005bfc   0x0000000c   Code   RO        11757    i.rt_thread_self    thread.o
    0x00005c08   0x00005c08   0x00000044   Code   RO        11758    i.rt_thread_sleep   thread.o
    0x00005c4c   0x00005c4c   0x00000030   Code   RO        11759    i.rt_thread_startup  thread.o
    0x00005c7c   0x00005c7c   0x00000044   Code   RO        11760    i.rt_thread_suspend  thread.o
    0x00005cc0   0x00005cc0   0x00000020   Code   RO        11761    i.rt_thread_timeout  thread.o
    0x00005ce0   0x00005ce0   0x00000048   Code   RO        11873    i.rt_thread_timer_entry  timer.o
    0x00005d28   0x00005d28   0x00000064   Code   RO        11762    i.rt_thread_yield   thread.o
    0x00005d8c   0x00005d8c   0x0000003e   Code   RO        11027    i.rt_tick_from_millisecond  clock.o
    0x00005dca   0x00005dca   0x00000002   PAD
    0x00005dcc   0x00005dcc   0x0000000c   Code   RO        11028    i.rt_tick_get       clock.o
    0x00005dd8   0x00005dd8   0x00000030   Code   RO        11029    i.rt_tick_increase  clock.o
    0x00005e08   0x00005e08   0x00000080   Code   RO        11874    i.rt_timer_check    timer.o
    0x00005e88   0x00005e88   0x0000003c   Code   RO        11875    i.rt_timer_control  timer.o
    0x00005ec4   0x00005ec4   0x0000002e   Code   RO        11876    i.rt_timer_create   timer.o
    0x00005ef2   0x00005ef2   0x00000020   Code   RO        11878    i.rt_timer_detach   timer.o
    0x00005f12   0x00005f12   0x00000026   Code   RO        11879    i.rt_timer_init     timer.o
    0x00005f38   0x00005f38   0x0000001e   Code   RO        11880    i.rt_timer_list_next_timeout  timer.o
    0x00005f56   0x00005f56   0x00000002   PAD
    0x00005f58   0x00005f58   0x00000140   Code   RO        11882    i.rt_timer_start    timer.o
    0x00006098   0x00006098   0x00000030   Code   RO        11883    i.rt_timer_stop     timer.o
    0x000060c8   0x000060c8   0x00000004   Code   RO        11069    i.rti_board_end     components.o
    0x000060cc   0x000060cc   0x00000004   Code   RO        11070    i.rti_board_start   components.o
    0x000060d0   0x000060d0   0x00000004   Code   RO        11071    i.rti_end           components.o
    0x000060d4   0x000060d4   0x00000004   Code   RO        11072    i.rti_start         components.o
    0x000060d8   0x000060d8   0x0000002a   Code   RO        11073    i.rtthread_startup  components.o
    0x00006102   0x00006102   0x00000002   PAD
    0x00006104   0x00006104   0x0000002c   Code   RO           27    i.timeout_10ms      main.o
    0x00006130   0x00006130   0x00000014   Code   RO           28    i.timeout_1s        main.o
    0x00006144   0x00006144   0x0000000c   Code   RO           29    i.timeout_2s        main.o
    0x00006150   0x00006150   0x00000060   Data   RO           30    .constdata          main.o
    0x000061b0   0x000061b0   0x00000030   Data   RO        11074    .constdata          components.o
    0x000061e0   0x000061e0   0x00000122   Data   RO        11386    .constdata          kservice.o
    0x00006302   0x00006302   0x00000002   PAD
    0x00006304   0x00006304   0x00000008   Data   RO        11075    .rti_fn.0           components.o
    0x0000630c   0x0000630c   0x00000008   Data   RO        11076    .rti_fn.0.end       components.o
    0x00006314   0x00006314   0x00000008   Data   RO        11077    .rti_fn.1.end       components.o
    0x0000631c   0x0000631c   0x00000008   Data   RO        11078    .rti_fn.6.end       components.o
    0x00006324   0x00006324   0x00000020   Data   RO        12119    Region$$Table       anon$$obj.o


    Execution Region ER_RW (Exec base: 0x20000000, Load base: 0x00006344, Size: 0x00000120, Max: 0xffffffff, ABSOLUTE)

    Exec Addr    Load Addr    Size         Type   Attr      Idx    E Section Name        Object

    0x20000000   0x00006344   0x00000058   Data   RW           31    .data               main.o
    0x20000058   0x0000639c   0x00000008   Data   RW          394    .data               user_init.o
    0x20000060   0x000063a4   0x00000017   Data   RW          655    .data               uart.o
    0x20000077   0x000063bb   0x00000001   PAD
    0x20000078   0x000063bc   0x00000009   Data   RW         1029    .data               ec800.o
    0x20000081   0x000063c5   0x00000003   PAD
    0x20000084   0x000063c8   0x00000004   Data   RW        11031    .data               clock.o
    0x20000088   0x000063cc   0x00000001   Data   RW        11334    .data               irq.o
    0x20000089   0x000063cd   0x00000003   PAD
    0x2000008c   0x000063d0   0x00000018   Data   RW        11542    .data               mem.o
    0x200000a4   0x000063e8   0x00000040   Data   RW        11607    .data               object.o
    0x200000e4   0x00006428   0x00000018   Data   RW        11681    .data               scheduler.o
    0x200000fc   0x00006440   0x00000014   Data   RW        11885    .data               timer.o
    0x20000110   0x00006454   0x0000000c   Data   RW        11991    .data               cpuport.o
    0x2000011c   0x00006460   0x00000004   Data   RW        12027    .data               system_fm33a0xxev.o


    Execution Region ER_ZI (Exec base: 0x20000120, Load base: 0x00006464, Size: 0x000028b8, Max: 0xffffffff, ABSOLUTE)

    Exec Addr    Load Addr    Size         Type   Attr      Idx    E Section Name        Object

    0x20000120        -       0x00001400   Zero   RW          572    .bss                board.o
    0x20001520        -       0x00000800   Zero   RW          654    .bss                uart.o
    0x20001d20        -       0x00000014   Zero   RW         1028    .bss                ec800.o
    0x20001d34        -       0x00000188   Zero   RW        11146    .bss                idle.o
    0x20001ebc        -       0x00000020   Zero   RW        11541    .bss                mem.o
    0x20001edc        -       0x00000080   Zero   RW        11680    .bss                scheduler.o
    0x20001f5c        -       0x00000278   Zero   RW        11884    .bss                timer.o
    0x200021d4   0x00006464   0x00000004   PAD
    0x200021d8        -       0x00000800   Zero   RW        12016    STACK               startup_fm33a0xxev.o


==============================================================================

Image component sizes


      Code (inc. data)   RO Data    RW Data    ZI Data      Debug   Object Name

       326         18          0          0          0       3263   adc.o
       266         36          0          0       5120      13544   board.o
       532         46          0          0          0       3255   bt16.o
       122         10          0          4          0       1756   clock.o
       318        120         80          0          0       6072   components.o
       216         32          0          0          0        792   context_rvds.o
       304        166          0         12          0       3034   cpuport.o
      2264        420          0          9         20       4112   ec800.o
       232         42          0          0          0       4466   fm33a0xxev_adc.o
       308          0          0          0          0       9509   fm33a0xxev_bt.o
        24          4          0          0          0        506   fm33a0xxev_cdif.o
      1172        136          0          0          0      15334   fm33a0xxev_cmu.o
        28          6          0          0          0        532   fm33a0xxev_flash.o
      1742         70          0          0          0      20284   fm33a0xxev_gpio.o
       284         48          0          0          0       5146   fm33a0xxev_lptim.o
       172         30          0          0          0       2981   fm33a0xxev_pmu.o
       136         20          0          0          0       2096   fm33a0xxev_rmu.o
       708        142          0          0          0      15203   fm33a0xxev_rtc.o
       412          0          0          0          0      11377   fm33a0xxev_spi.o
      1192         38          0          0          0      30728   fm33a0xxev_uart.o
       168         24          0          0          0       2612   fm33a0xxev_vrtc.o
       328         44          0          0        392       6263   idle.o
       424          0          0          0          0       8801   ipc.o
        64         12          0          1          0       1550   irq.o
       402        144        290          0          0       5885   kservice.o
       272         14          0          0          0      10809   lptimer32.o
      3112        554         96         88          0      72636   main.o
       964        230          0         24         32       3840   mem.o
       320          4          0         64          0       8152   object.o
       450         28          0          0          0       3313   rtc.o
       538         94          0         24        128       8290   scheduler.o
        86          0          0          0          0        552   sleep.o
       224         14          0          0          0        538   spi.o
        28          8        192          0       2048        652   startup_fm33a0xxev.o
        32         16          0          4          0       1211   system_fm33a0xxev.o
       800         40          0          0          0      12146   thread.o
      1160         80          0         20        632      13784   timer.o
      1702        176          0         23       2048      16112   uart.o
      1468        118          0          8          0      20567   user_init.o

    ----------------------------------------------------------------------
     23342       2984        692        288      10424     351703   Object Totals
         0          0         32          0          0          0   (incl. Generated)
        42          0          2          7          4          0   (incl. Padding)

    ----------------------------------------------------------------------

      Code (inc. data)   RO Data    RW Data    ZI Data      Debug   Library Member Name

         0          0          0          0          0          0   entry.o
         0          0          0          0          0          0   entry10a.o
         0          0          0          0          0          0   entry11a.o
         4          0          0          0          0          0   entry12b.o
         8          4          0          0          0          0   entry2.o
         4          0          0          0          0          0   entry5.o
         0          0          0          0          0          0   entry7b.o
         0          0          0          0          0          0   entry8b.o
         8          4          0          0          0          0   entry9a.o
        30          0          0          0          0          0   handlers.o
        40          0          0          0          0         72   idiv.o
        36          8          0          0          0         68   init.o
         0          0          0          0          0          0   iusefp.o
        32          0          0          0          0         68   llshl.o
        38          0          0          0          0         68   llsshr.o
        34          0          0          0          0         68   llushr.o
        36          0          0          0          0         60   memcpya.o
        36          0          0          0          0        100   memseta.o
        40          0          0          0          0         72   strstr.o
        44          0          0          0          0         72   uidiv.o
        20          0          0          0          0         68   cfrcmple.o
       360          6          0          0          0        140   dadd.o
       236          0          0          0          0        216   depilogue.o
        60         10          0          0          0         68   dfixui.o
        40          0          0          0          0         60   f2d.o
       124          0          0          0          0         72   fdiv.o
       130          0          0          0          0        144   fepilogue.o
        14          0          0          0          0         68   ffltui.o

    ----------------------------------------------------------------------
      1378         32          0          0          0       1484   Library Totals
         4          0          0          0          0          0   (incl. Padding)

    ----------------------------------------------------------------------

      Code (inc. data)   RO Data    RW Data    ZI Data      Debug   Library Name

       390         16          0          0          0        648   mc_p.l
       984         16          0          0          0        836   mf_p.l

    ----------------------------------------------------------------------
      1378         32          0          0          0       1484   Library Totals

    ----------------------------------------------------------------------

==============================================================================


      Code (inc. data)   RO Data    RW Data    ZI Data      Debug   

     24720       3016        692        288      10424     337923   Grand Totals
     24720       3016        692        288      10424     337923   ELF Image Totals
     24720       3016        692        288          0          0   ROM Totals

==============================================================================

    Total RO  Size (Code + RO Data)                25412 (  24.82kB)
    Total RW  Size (RW Data + ZI Data)             10712 (  10.46kB)
    Total ROM Size (Code + RO Data + RW Data)      25700 (  25.10kB)

==============================================================================

